Archive member included to satisfy reference by file (symbol)

d:/program files (x86)/gnu arm embedded toolchain/10 2021.10/bin/../lib/gcc/arm-none-eabi/10.3.1/../../../../arm-none-eabi/lib/thumb/v6-m/nofp\libc_nano.a(lib_a-exit.o)
                              d:/program files (x86)/gnu arm embedded toolchain/10 2021.10/bin/../lib/gcc/arm-none-eabi/10.3.1/../../../../arm-none-eabi/lib/thumb/v6-m/nofp/crt0.o (exit)
d:/program files (x86)/gnu arm embedded toolchain/10 2021.10/bin/../lib/gcc/arm-none-eabi/10.3.1/../../../../arm-none-eabi/lib/thumb/v6-m/nofp\libc_nano.a(lib_a-impure.o)
                              d:/program files (x86)/gnu arm embedded toolchain/10 2021.10/bin/../lib/gcc/arm-none-eabi/10.3.1/../../../../arm-none-eabi/lib/thumb/v6-m/nofp\libc_nano.a(lib_a-exit.o) (_global_impure_ptr)
d:/program files (x86)/gnu arm embedded toolchain/10 2021.10/bin/../lib/gcc/arm-none-eabi/10.3.1/../../../../arm-none-eabi/lib/thumb/v6-m/nofp\libc_nano.a(lib_a-init.o)
                              d:/program files (x86)/gnu arm embedded toolchain/10 2021.10/bin/../lib/gcc/arm-none-eabi/10.3.1/../../../../arm-none-eabi/lib/thumb/v6-m/nofp/crt0.o (__libc_init_array)
d:/program files (x86)/gnu arm embedded toolchain/10 2021.10/bin/../lib/gcc/arm-none-eabi/10.3.1/../../../../arm-none-eabi/lib/thumb/v6-m/nofp\libc_nano.a(lib_a-memcpy-stub.o)
                              build/stm32f0xx_hal_rcc.o (memcpy)
d:/program files (x86)/gnu arm embedded toolchain/10 2021.10/bin/../lib/gcc/arm-none-eabi/10.3.1/../../../../arm-none-eabi/lib/thumb/v6-m/nofp\libc_nano.a(lib_a-memset.o)
                              d:/program files (x86)/gnu arm embedded toolchain/10 2021.10/bin/../lib/gcc/arm-none-eabi/10.3.1/../../../../arm-none-eabi/lib/thumb/v6-m/nofp/crt0.o (memset)
d:/program files (x86)/gnu arm embedded toolchain/10 2021.10/bin/../lib/gcc/arm-none-eabi/10.3.1/../../../../arm-none-eabi/lib/thumb/v6-m/nofp\libc_nano.a(lib_a-strlen.o)
                              build/Uart_Driver.o (strlen)
d:/program files (x86)/gnu arm embedded toolchain/10 2021.10/bin/../lib/gcc/arm-none-eabi/10.3.1/../../../../arm-none-eabi/lib/thumb/v6-m/nofp\libc_nano.a(lib_a-vsprintf.o)
                              build/Uart_Driver.o (vsprintf)
d:/program files (x86)/gnu arm embedded toolchain/10 2021.10/bin/../lib/gcc/arm-none-eabi/10.3.1/../../../../arm-none-eabi/lib/thumb/v6-m/nofp\libc_nano.a(lib_a-nano-svfprintf.o)
                              d:/program files (x86)/gnu arm embedded toolchain/10 2021.10/bin/../lib/gcc/arm-none-eabi/10.3.1/../../../../arm-none-eabi/lib/thumb/v6-m/nofp\libc_nano.a(lib_a-vsprintf.o) (_svfprintf_r)
d:/program files (x86)/gnu arm embedded toolchain/10 2021.10/bin/../lib/gcc/arm-none-eabi/10.3.1/../../../../arm-none-eabi/lib/thumb/v6-m/nofp\libc_nano.a(lib_a-nano-vfprintf_i.o)
                              d:/program files (x86)/gnu arm embedded toolchain/10 2021.10/bin/../lib/gcc/arm-none-eabi/10.3.1/../../../../arm-none-eabi/lib/thumb/v6-m/nofp\libc_nano.a(lib_a-nano-svfprintf.o) (_printf_i)
d:/program files (x86)/gnu arm embedded toolchain/10 2021.10/bin/../lib/gcc/arm-none-eabi/10.3.1/../../../../arm-none-eabi/lib/thumb/v6-m/nofp\libc_nano.a(lib_a-memchr-stub.o)
                              d:/program files (x86)/gnu arm embedded toolchain/10 2021.10/bin/../lib/gcc/arm-none-eabi/10.3.1/../../../../arm-none-eabi/lib/thumb/v6-m/nofp\libc_nano.a(lib_a-nano-svfprintf.o) (memchr)
d:/program files (x86)/gnu arm embedded toolchain/10 2021.10/bin/../lib/gcc/arm-none-eabi/10.3.1/../../../../arm-none-eabi/lib/thumb/v6-m/nofp\libc_nano.a(lib_a-memmove.o)
                              d:/program files (x86)/gnu arm embedded toolchain/10 2021.10/bin/../lib/gcc/arm-none-eabi/10.3.1/../../../../arm-none-eabi/lib/thumb/v6-m/nofp\libc_nano.a(lib_a-nano-svfprintf.o) (memmove)
d:/program files (x86)/gnu arm embedded toolchain/10 2021.10/bin/../lib/gcc/arm-none-eabi/10.3.1/../../../../arm-none-eabi/lib/thumb/v6-m/nofp\libc_nano.a(lib_a-nano-freer.o)
                              d:/program files (x86)/gnu arm embedded toolchain/10 2021.10/bin/../lib/gcc/arm-none-eabi/10.3.1/../../../../arm-none-eabi/lib/thumb/v6-m/nofp\libc_nano.a(lib_a-nano-svfprintf.o) (_free_r)
d:/program files (x86)/gnu arm embedded toolchain/10 2021.10/bin/../lib/gcc/arm-none-eabi/10.3.1/../../../../arm-none-eabi/lib/thumb/v6-m/nofp\libc_nano.a(lib_a-nano-mallocr.o)
                              d:/program files (x86)/gnu arm embedded toolchain/10 2021.10/bin/../lib/gcc/arm-none-eabi/10.3.1/../../../../arm-none-eabi/lib/thumb/v6-m/nofp\libc_nano.a(lib_a-nano-svfprintf.o) (_malloc_r)
d:/program files (x86)/gnu arm embedded toolchain/10 2021.10/bin/../lib/gcc/arm-none-eabi/10.3.1/../../../../arm-none-eabi/lib/thumb/v6-m/nofp\libc_nano.a(lib_a-nano-reallocr.o)
[...]
Memory Configuration

Name             Origin             Length             Attributes
RAM              0x20000000         0x00001000         xrw
FLASH            0x08000000         0x00004000         xr
*default*        0x00000000         0xffffffff

Linker script and memory map

LOAD d:/program files (x86)/gnu arm embedded toolchain/10 2021.10/bin/../lib/gcc/arm-none-eabi/10.3.1/thumb/v6-m/nofp/crti.o
LOAD d:/program files (x86)/gnu arm embedded toolchain/10 2021.10/bin/../lib/gcc/arm-none-eabi/10.3.1/thumb/v6-m/nofp/crtbegin.o
LOAD d:/program files (x86)/gnu arm embedded toolchain/10 2021.10/bin/../lib/gcc/arm-none-eabi/10.3.1/../../../../arm-none-eabi/lib/thumb/v6-m/nofp/crt0.o
LOAD build/main.o
LOAD build/stm32f0xx_it.o
LOAD build/stm32f0xx_hal_msp.o
LOAD build/stm32f0xx_hal_spi.o
LOAD build/stm32f0xx_hal_spi_ex.o
LOAD build/stm32f0xx_hal_rcc.o
LOAD build/stm32f0xx_hal_rcc_ex.o
LOAD build/stm32f0xx_hal.o
LOAD build/stm32f0xx_hal_i2c.o
LOAD build/stm32f0xx_hal_i2c_ex.o
LOAD build/stm32f0xx_hal_gpio.o
LOAD build/stm32f0xx_hal_dma.o
LOAD build/stm32f0xx_hal_cortex.o
LOAD build/stm32f0xx_hal_pwr.o
LOAD build/stm32f0xx_hal_pwr_ex.o
LOAD build/stm32f0xx_hal_flash.o
LOAD build/stm32f0xx_hal_flash_ex.o
LOAD build/stm32f0xx_hal_exti.o
LOAD build/stm32f0xx_hal_tim.o
LOAD build/stm32f0xx_hal_tim_ex.o
LOAD build/stm32f0xx_hal_uart.o
LOAD build/stm32f0xx_hal_uart_ex.o
LOAD build/system_stm32f0xx.o
LOAD build/gpio.o
LOAD build/dma.o
LOAD build/i2c.o
LOAD build/spi.o
LOAD build/usart.o
LOAD build/Spi_Driver.o
LOAD build/Uart_Driver.o
LOAD build/Baro_MS5611.o
LOAD build/HMC5983.o
LOAD build/ICM20602.o
LOAD build/System_Tick.o
LOAD build/startup_stm32f030x6.o
LOAD d:/program files (x86)/gnu arm embedded toolchain/10 2021.10/bin/../lib/gcc/arm-none-eabi/10.3.1/../../../../arm-none-eabi/lib/thumb/v6-m/nofp\libc_nano.a
LOAD d:/program files (x86)/gnu arm embedded toolchain/10 2021.10/bin/../lib/gcc/arm-none-eabi/10.3.1/../../../../arm-none-eabi/lib/thumb/v6-m/nofp\libm.a
LOAD d:/program files (x86)/gnu arm embedded toolchain/10 2021.10/bin/../lib/gcc/arm-none-eabi/10.3.1/../../../../arm-none-eabi/lib/thumb/v6-m/nofp\libnosys.a
START GROUP
LOAD d:/program files (x86)/gnu arm embedded toolchain/10 2021.10/bin/../lib/gcc/arm-none-eabi/10.3.1/thumb/v6-m/nofp\libgcc.a
LOAD d:/program files (x86)/gnu arm embedded toolchain/10 2021.10/bin/../lib/gcc/arm-none-eabi/10.3.1/../../../../arm-none-eabi/lib/thumb/v6-m/nofp\libc_nano.a
END GROUP
START GROUP
LOAD d:/program files (x86)/gnu arm embedded toolchain/10 2021.10/bin/../lib/gcc/arm-none-eabi/10.3.1/thumb/v6-m/nofp\libgcc.a
LOAD d:/program files (x86)/gnu arm embedded toolchain/10 2021.10/bin/../lib/gcc/arm-none-eabi/10.3.1/../../../../arm-none-eabi/lib/thumb/v6-m/nofp\libc_nano.a
END GROUP
LOAD d:/program files (x86)/gnu arm embedded toolchain/10 2021.10/bin/../lib/gcc/arm-none-eabi/10.3.1/thumb/v6-m/nofp/crtend.o
LOAD d:/program files (x86)/gnu arm embedded toolchain/10 2021.10/bin/../lib/gcc/arm-none-eabi/10.3.1/thumb/v6-m/nofp/crtn.o
                0x20001000                _estack = 0x20001000
                0x00000200                _Min_Heap_Size = 0x200
                0x00000400                _Min_Stack_Size = 0x400

.isr_vector     0x08000000       0xc0
                0x08000000                . = ALIGN (0x4)
 *(.isr_vector)
 .isr_vector    0x08000000       0xc0 build/startup_stm32f030x6.o
                0x08000000                g_pfnVectors
                0x080000c0                . = ALIGN (0x4)

.text           0x080000c0     0x3af8
                0x080000c0                . = ALIGN (0x4)
 *(.text)
 .text          0x080000c0       0x48 d:/program files (x86)/gnu arm embedded toolchain/10 2021.10/bin/../lib/gcc/arm-none-eabi/10.3.1/thumb/v6-m/nofp/crtbegin.o
 .text          0x08000108        0xe d:/program files (x86)/gnu arm embedded toolchain/10 2021.10/bin/../lib/gcc/arm-none-eabi/10.3.1/../../../../arm-none-eabi/lib/thumb/v6-m/nofp\libc_nano.a(lib_a-strlen.o)
                0x08000108                strlen
 *fill*         0x08000116        0x2 
 .text          0x08000118       0x14 d:/program files (x86)/gnu arm embedded toolchain/10 2021.10/bin/../lib/gcc/arm-none-eabi/10.3.1/thumb/v6-m/nofp\libgcc.a(_thumb1_case_sqi.o)
                0x08000118                __gnu_thumb1_case_sqi
 .text          0x0800012c       0x14 d:/program files (x86)/gnu arm embedded toolchain/10 2021.10/bin/../lib/gcc/arm-none-eabi/10.3.1/thumb/v6-m/nofp\libgcc.a(_thumb1_case_uqi.o)
                0x0800012c                __gnu_thumb1_case_uqi
 .text          0x08000140       0x14 d:/program files (x86)/gnu arm embedded toolchain/10 2021.10/bin/../lib/gcc/arm-none-eabi/10.3.1/thumb/v6-m/nofp\libgcc.a(_thumb1_case_shi.o)
                0x08000140                __gnu_thumb1_case_shi
 .text          0x08000154      0x114 d:/program files (x86)/gnu arm embedded toolchain/10 2021.10/bin/../lib/gcc/arm-none-eabi/10.3.1/thumb/v6-m/nofp\libgcc.a(_udivsi3.o)
                0x08000154                __aeabi_uidiv
                0x08000154                __udivsi3
                0x08000260                __aeabi_uidivmod
 .text          0x08000268        0x4 d:/program files (x86)/gnu arm embedded toolchain/10 2021.10/bin/../lib/gcc/arm-none-eabi/10.3.1/thumb/v6-m/nofp\libgcc.a(_dvmd_tls.o)
                0x08000268                __aeabi_idiv0
                0x08000268                __aeabi_ldiv0
 .text          0x0800026c      0x33c d:/program files (x86)/gnu arm embedded toolchain/10 2021.10/bin/../lib/gcc/arm-none-eabi/10.3.1/thumb/v6-m/nofp\libgcc.a(addsf3.o)
                0x0800026c                __aeabi_fadd
 .text          0x080005a8      0x230 d:/program files (x86)/gnu arm embedded toolchain/10 2021.10/bin/../lib/gcc/arm-none-eabi/10.3.1/thumb/v6-m/nofp\libgcc.a(divsf3.o)
                0x080005a8                __aeabi_fdiv
 .text          0x080007d8       0x84 d:/program files (x86)/gnu arm embedded toolchain/10 2021.10/bin/../lib/gcc/arm-none-eabi/10.3.1/thumb/v6-m/nofp\libgcc.a(floatunsisf.o)
                0x080007d8                __aeabi_ui2f
 .text          0x0800085c       0x3c d:/program files (x86)/gnu arm embedded toolchain/10 2021.10/bin/../lib/gcc/arm-none-eabi/10.3.1/thumb/v6-m/nofp\libgcc.a(_clzsi2.o)
                0x0800085c                __clzsi2
 *(.text*)
 .text.SystemClock_Config
                0x08000898       0x78 build/main.o
                0x08000898                SystemClock_Config
 .text.startup.main
                0x08000910       0x8c build/main.o
                0x08000910                main
 .text.Error_Handler
                0x0800099c        0x4 build/main.o
                0x0800099c                Error_Handler
 .text.NMI_Handler
                0x080009a0        0x2 build/stm32f0xx_it.o
                0x080009a0                NMI_Handler
 .text.HardFault_Handler
                0x080009a2        0x2 build/stm32f0xx_it.o
                0x080009a2                HardFault_Handler
 .text.SVC_Handler
                0x080009a4        0x2 build/stm32f0xx_it.o
                0x080009a4                SVC_Handler
 .text.PendSV_Handler
                0x080009a6        0x2 build/stm32f0xx_it.o
                0x080009a6                PendSV_Handler
 .text.SysTick_Handler
                0x080009a8        0x8 build/stm32f0xx_it.o
                0x080009a8                SysTick_Handler
 .text.DMA1_Channel2_3_IRQHandler
                0x080009b0       0x18 build/stm32f0xx_it.o
                0x080009b0                DMA1_Channel2_3_IRQHandler
 .text.DMA1_Channel4_5_IRQHandler
                0x080009c8       0x18 build/stm32f0xx_it.o
                0x080009c8                DMA1_Channel4_5_IRQHandler
 .text.SPI1_IRQHandler
                0x080009e0       0x10 build/stm32f0xx_it.o
                0x080009e0                SPI1_IRQHandler
 .text.USART1_IRQHandler
                0x080009f0       0x10 build/stm32f0xx_it.o
                0x080009f0                USART1_IRQHandler
 .text.HAL_MspInit
                0x08000a00       0x30 build/stm32f0xx_hal_msp.o
                0x08000a00                HAL_MspInit
 .text.SPI_WaitFifoStateUntilTimeout.constprop.0
                0x08000a30       0xd8 build/stm32f0xx_hal_spi.o
 .text.SPI_WaitFlagStateUntilTimeout.constprop.0
                0x08000b08       0xb8 build/stm32f0xx_hal_spi.o
 .text.SPI_EndRxTransaction
                0x08000bc0       0x7a build/stm32f0xx_hal_spi.o
 .text.SPI_EndRxTxTransaction
                0x08000c3a       0x46 build/stm32f0xx_hal_spi.o
 .text.HAL_SPI_Init
                0x08000c80       0xf0 build/stm32f0xx_hal_spi.o
                0x08000c80                HAL_SPI_Init
 .text.HAL_SPI_Transmit_DMA
                0x08000d70      0x118 build/stm32f0xx_hal_spi.o
                0x08000d70                HAL_SPI_Transmit_DMA
 .text.HAL_SPI_TransmitReceive_DMA
                0x08000e88      0x1d8 build/stm32f0xx_hal_spi.o
                0x08000e88                HAL_SPI_TransmitReceive_DMA
 .text.HAL_SPI_Receive_DMA
                0x08001060      0x180 build/stm32f0xx_hal_spi.o
                0x08001060                HAL_SPI_Receive_DMA
 .text.HAL_SPI_TxCpltCallback
                0x080011e0        0x2 build/stm32f0xx_hal_spi.o
                0x080011e0                HAL_SPI_TxCpltCallback
 .text.HAL_SPI_RxCpltCallback
                0x080011e2        0x2 build/stm32f0xx_hal_spi.o
                0x080011e2                HAL_SPI_RxCpltCallback
 .text.HAL_SPI_TxRxCpltCallback
                0x080011e4        0x2 build/stm32f0xx_hal_spi.o
                0x080011e4                HAL_SPI_TxRxCpltCallback
 .text.HAL_SPI_TxHalfCpltCallback
                0x080011e6        0x2 build/stm32f0xx_hal_spi.o
                0x080011e6                HAL_SPI_TxHalfCpltCallback
 .text.SPI_DMAHalfTransmitCplt
                0x080011e8        0xa build/stm32f0xx_hal_spi.o
 .text.HAL_SPI_RxHalfCpltCallback
                0x080011f2        0x2 build/stm32f0xx_hal_spi.o
                0x080011f2                HAL_SPI_RxHalfCpltCallback
 .text.SPI_DMAHalfReceiveCplt
                0x080011f4        0xa build/stm32f0xx_hal_spi.o
 .text.HAL_SPI_TxRxHalfCpltCallback
                0x080011fe        0x2 build/stm32f0xx_hal_spi.o
                0x080011fe                HAL_SPI_TxRxHalfCpltCallback
 .text.SPI_DMAHalfTransmitReceiveCplt
                0x08001200        0xa build/stm32f0xx_hal_spi.o
 .text.HAL_SPI_ErrorCallback
                0x0800120a        0x2 build/stm32f0xx_hal_spi.o
                0x0800120a                HAL_SPI_ErrorCallback
 .text.SPI_DMAError
                0x0800120c       0x24 build/stm32f0xx_hal_spi.o
 .text.SPI_DMATransmitCplt
                0x08001230       0x6e build/stm32f0xx_hal_spi.o
 .text.SPI_DMAReceiveCplt
                0x0800129e       0x70 build/stm32f0xx_hal_spi.o
 .text.SPI_DMATransmitReceiveCplt
                0x0800130e       0x62 build/stm32f0xx_hal_spi.o
 .text.HAL_SPI_IRQHandler
                0x08001370      0x120 build/stm32f0xx_hal_spi.o
                0x08001370                HAL_SPI_IRQHandler
 .text.SPI_DMAAbortOnError
                0x08001490       0x14 build/stm32f0xx_hal_spi.o
 .text.HAL_RCC_OscConfig
                0x080014a4      0x400 build/stm32f0xx_hal_rcc.o
                0x080014a4                HAL_RCC_OscConfig
 .text.HAL_RCC_GetSysClockFreq
                0x080018a4       0x64 build/stm32f0xx_hal_rcc.o
                0x080018a4                HAL_RCC_GetSysClockFreq
 .text.HAL_RCC_ClockConfig
                0x08001908      0x108 build/stm32f0xx_hal_rcc.o
                0x08001908                HAL_RCC_ClockConfig
 .text.HAL_RCC_GetPCLK1Freq
                0x08001a10       0x20 build/stm32f0xx_hal_rcc.o
                0x08001a10                HAL_RCC_GetPCLK1Freq
 .text.HAL_RCCEx_PeriphCLKConfig
                0x08001a30      0x10c build/stm32f0xx_hal_rcc_ex.o
                0x08001a30                HAL_RCCEx_PeriphCLKConfig
 .text.HAL_InitTick
                0x08001b3c       0x48 build/stm32f0xx_hal.o
                0x08001b3c                HAL_InitTick
 .text.HAL_Init
                0x08001b84       0x20 build/stm32f0xx_hal.o
                0x08001b84                HAL_Init
 .text.HAL_IncTick
                0x08001ba4       0x18 build/stm32f0xx_hal.o
                0x08001ba4                HAL_IncTick
 .text.HAL_GetTick
                0x08001bbc        0xc build/stm32f0xx_hal.o
                0x08001bbc                HAL_GetTick
 .text.HAL_Delay
                0x08001bc8       0x24 build/stm32f0xx_hal.o
                0x08001bc8                HAL_Delay
 .text.HAL_I2C_Init
                0x08001bec       0xac build/stm32f0xx_hal_i2c.o
                0x08001bec                HAL_I2C_Init
 .text.HAL_I2CEx_ConfigAnalogFilter
                0x08001c98       0x4c build/stm32f0xx_hal_i2c_ex.o
                0x08001c98                HAL_I2CEx_ConfigAnalogFilter
 .text.HAL_I2CEx_ConfigDigitalFilter
                0x08001ce4       0x48 build/stm32f0xx_hal_i2c_ex.o
                0x08001ce4                HAL_I2CEx_ConfigDigitalFilter
 .text.HAL_GPIO_Init
                0x08001d2c      0x16c build/stm32f0xx_hal_gpio.o
                0x08001d2c                HAL_GPIO_Init
 .text.HAL_GPIO_WritePin
                0x08001e98        0xc build/stm32f0xx_hal_gpio.o
                0x08001e98                HAL_GPIO_WritePin
 .text.HAL_DMA_Init
                0x08001ea4       0x64 build/stm32f0xx_hal_dma.o
                0x08001ea4                HAL_DMA_Init
 .text.HAL_DMA_Start_IT
                0x08001f08       0x7c build/stm32f0xx_hal_dma.o
                0x08001f08                HAL_DMA_Start_IT
 .text.HAL_DMA_Abort
                0x08001f84       0x3c build/stm32f0xx_hal_dma.o
                0x08001f84                HAL_DMA_Abort
 .text.HAL_DMA_Abort_IT
                0x08001fc0       0x46 build/stm32f0xx_hal_dma.o
                0x08001fc0                HAL_DMA_Abort_IT
 .text.HAL_DMA_IRQHandler
                0x08002006       0x92 build/stm32f0xx_hal_dma.o
                0x08002006                HAL_DMA_IRQHandler
 .text.HAL_NVIC_SetPriority
                0x08002098       0x54 build/stm32f0xx_hal_cortex.o
                0x08002098                HAL_NVIC_SetPriority
 .text.HAL_NVIC_EnableIRQ
                0x080020ec       0x18 build/stm32f0xx_hal_cortex.o
                0x080020ec                HAL_NVIC_EnableIRQ
 .text.HAL_SYSTICK_Config
                0x08002104       0x34 build/stm32f0xx_hal_cortex.o
                0x08002104                HAL_SYSTICK_Config
 .text.UART_EndRxTransfer
                0x08002138       0x5c build/stm32f0xx_hal_uart.o
 .text.HAL_UART_Transmit_DMA
                0x08002194       0xb8 build/stm32f0xx_hal_uart.o
                0x08002194                HAL_UART_Transmit_DMA
 .text.HAL_UART_TxCpltCallback
                0x0800224c        0x2 build/stm32f0xx_hal_uart.o
                0x0800224c                HAL_UART_TxCpltCallback
 .text.UART_DMATransmitCplt
                0x0800224e       0x4a build/stm32f0xx_hal_uart.o
 .text.HAL_UART_TxHalfCpltCallback
                0x08002298        0x2 build/stm32f0xx_hal_uart.o
                0x08002298                HAL_UART_TxHalfCpltCallback
 .text.UART_DMATxHalfCplt
                0x0800229a        0xa build/stm32f0xx_hal_uart.o
 .text.HAL_UART_ErrorCallback
                0x080022a4        0x2 build/stm32f0xx_hal_uart.o
                0x080022a4                HAL_UART_ErrorCallback
 .text.UART_DMAError
                0x080022a6       0x64 build/stm32f0xx_hal_uart.o
 .text.UART_DMAAbortOnError
                0x0800230a       0x16 build/stm32f0xx_hal_uart.o
 .text.HAL_UARTEx_RxEventCallback
                0x08002320        0x2 build/stm32f0xx_hal_uart.o
                0x08002320                HAL_UARTEx_RxEventCallback
 *fill*         0x08002322        0x2 
 .text.HAL_UART_IRQHandler
                0x08002324      0x298 build/stm32f0xx_hal_uart.o
                0x08002324                HAL_UART_IRQHandler
 .text.UART_SetConfig
                0x080025bc      0x118 build/stm32f0xx_hal_uart.o
                0x080025bc                UART_SetConfig
 .text.UART_AdvFeatureConfig
                0x080026d4       0xd0 build/stm32f0xx_hal_uart.o
                0x080026d4                UART_AdvFeatureConfig
 .text.UART_WaitOnFlagUntilTimeout
                0x080027a4       0xc4 build/stm32f0xx_hal_uart.o
                0x080027a4                UART_WaitOnFlagUntilTimeout
 .text.UART_CheckIdleState
                0x08002868       0x64 build/stm32f0xx_hal_uart.o
                0x08002868                UART_CheckIdleState
 .text.HAL_UART_Init
                0x080028cc       0x64 build/stm32f0xx_hal_uart.o
                0x080028cc                HAL_UART_Init
 .text.SystemInit
                0x08002930        0x2 build/system_stm32f0xx.o
                0x08002930                SystemInit
 *fill*         0x08002932        0x2 
 .text.MX_GPIO_Init
                0x08002934       0x8c build/gpio.o
                0x08002934                MX_GPIO_Init
 .text.MX_DMA_Init
                0x080029c0       0x3c build/dma.o
                0x080029c0                MX_DMA_Init
 .text.MX_I2C1_Init
                0x080029fc       0x5c build/i2c.o
                0x080029fc                MX_I2C1_Init
 .text.HAL_I2C_MspInit
                0x08002a58       0x6c build/i2c.o
                0x08002a58                HAL_I2C_MspInit
 .text.MX_SPI1_Init
                0x08002ac4       0x4c build/spi.o
                0x08002ac4                MX_SPI1_Init
 .text.HAL_SPI_MspInit
                0x08002b10       0xd8 build/spi.o
                0x08002b10                HAL_SPI_MspInit
 .text.MX_USART1_UART_Init
                0x08002be8       0x3c build/usart.o
                0x08002be8                MX_USART1_UART_Init
 .text.HAL_UART_MspInit
                0x08002c24       0xf4 build/usart.o
                0x08002c24                HAL_UART_MspInit
 .text.Spi_ReceiveData
                0x08002d18       0x18 build/Spi_Driver.o
                0x08002d18                Spi_ReceiveData
 .text.Spi_TransmitData
                0x08002d30       0x18 build/Spi_Driver.o
                0x08002d30                Spi_TransmitData
 .text.Spi_TransmitReceiveData
                0x08002d48       0x1c build/Spi_Driver.o
                0x08002d48                Spi_TransmitReceiveData
 .text.Spi_EnableDevice
                0x08002d64       0x30 build/Spi_Driver.o
                0x08002d64                Spi_EnableDevice
 .text.Spi_DisableDevice
                0x08002d94       0x2c build/Spi_Driver.o
                0x08002d94                Spi_DisableDevice
 .text.Spi_ReadDeviceBuffer
                0x08002dc0       0x50 build/Spi_Driver.o
                0x08002dc0                Spi_ReadDeviceBuffer
 .text.Spi_ReadDeviceReg
                0x08002e10        0xa build/Spi_Driver.o
                0x08002e10                Spi_ReadDeviceReg
 *fill*         0x08002e1a        0x2 
 .text.Spi_WriteDeviceReg
                0x08002e1c       0x4c build/Spi_Driver.o
                0x08002e1c                Spi_WriteDeviceReg
 .text.Uart_SendString
                0x08002e68       0x20 build/Uart_Driver.o
                0x08002e68                Uart_SendString
 .text.Debug_Printf
                0x08002e88       0x32 build/Uart_Driver.o
                0x08002e88                Debug_Printf
 *fill*         0x08002eba        0x2 
 .text.MS5611_Reset
                0x08002ebc       0x24 build/Baro_MS5611.o
                0x08002ebc                MS5611_Reset
 .text.MS5611_Read16Bits
                0x08002ee0       0x48 build/Baro_MS5611.o
                0x08002ee0                MS5611_Read16Bits
 .text.MS5611_GetPROM
                0x08002f28       0x6c build/Baro_MS5611.o
                0x08002f28                MS5611_GetPROM
 .text.Baro_Init
                0x08002f94       0x26 build/Baro_MS5611.o
                0x08002f94                Baro_Init
 *fill*         0x08002fba        0x2 
 .text.HMC5983_Init
                0x08002fbc       0x5c build/HMC5983.o
                0x08002fbc                HMC5983_Init
 .text.ICM20_SetGytoFullScale
                0x08003018       0x40 build/ICM20602.o
                0x08003018                ICM20_SetGytoFullScale
 .text.ICM20_SetAccelFullScale
                0x08003058       0x38 build/ICM20602.o
                0x08003058                ICM20_SetAccelFullScale
 .text.ICM20_Init
                0x08003090       0x98 build/ICM20602.o
                0x08003090                ICM20_Init
 .text.ICM20_GetAccelADC
                0x08003128       0x3e build/ICM20602.o
                0x08003128                ICM20_GetAccelADC
 .text.ICM20_GetGyroADC
                0x08003166       0x3e build/ICM20602.o
                0x08003166                ICM20_GetGyroADC
 .text.ICM20_GetTemperatue
                0x080031a4       0x54 build/ICM20602.o
                0x080031a4                ICM20_GetTemperatue
 .text.Sys_Delay
                0x080031f8        0x8 build/System_Tick.o
                0x080031f8                Sys_Delay
 .text.Reset_Handler
                0x08003200       0x50 build/startup_stm32f030x6.o
                0x08003200                Reset_Handler
 .text.Default_Handler
                0x08003250        0x2 build/startup_stm32f030x6.o
                0x08003250                TIM1_CC_IRQHandler
                0x08003250                I2C1_IRQHandler
                0x08003250                EXTI2_3_IRQHandler
                0x08003250                ADC1_IRQHandler
                0x08003250                TIM17_IRQHandler
                0x08003250                RTC_IRQHandler
                0x08003250                TIM16_IRQHandler
                0x08003250                TIM3_IRQHandler
                0x08003250                EXTI4_15_IRQHandler
                0x08003250                RCC_IRQHandler
                0x08003250                DMA1_Channel1_IRQHandler
                0x08003250                Default_Handler
                0x08003250                TIM14_IRQHandler
                0x08003250                EXTI0_1_IRQHandler
                0x08003250                WWDG_IRQHandler
                0x08003250                FLASH_IRQHandler
                0x08003250                TIM1_BRK_UP_TRG_COM_IRQHandler
 *fill*         0x08003252        0x2 
 .text.__libc_init_array
                0x08003254       0x48 d:/program files (x86)/gnu arm embedded toolchain/10 2021.10/bin/../lib/gcc/arm-none-eabi/10.3.1/../../../../arm-none-eabi/lib/thumb/v6-m/nofp\libc_nano.a(lib_a-init.o)
                0x08003254                __libc_init_array
 .text.memcpy   0x0800329c       0x12 d:/program files (x86)/gnu arm embedded toolchain/10 2021.10/bin/../lib/gcc/arm-none-eabi/10.3.1/../../../../arm-none-eabi/lib/thumb/v6-m/nofp\libc_nano.a(lib_a-memcpy-stub.o)
                0x0800329c                memcpy
 .text.memset   0x080032ae       0x10 d:/program files (x86)/gnu arm embedded toolchain/10 2021.10/bin/../lib/gcc/arm-none-eabi/10.3.1/../../../../arm-none-eabi/lib/thumb/v6-m/nofp\libc_nano.a(lib_a-memset.o)
                0x080032ae                memset
 *fill*         0x080032be        0x2 
 .text._vsprintf_r
                0x080032c0       0x2c d:/program files (x86)/gnu arm embedded toolchain/10 2021.10/bin/../lib/gcc/arm-none-eabi/10.3.1/../../../../arm-none-eabi/lib/thumb/v6-m/nofp\libc_nano.a(lib_a-vsprintf.o)
                0x080032c0                _vsprintf_r
                0x080032c0                _vsiprintf_r
 .text.vsprintf
                0x080032ec       0x18 d:/program files (x86)/gnu arm embedded toolchain/10 2021.10/bin/../lib/gcc/arm-none-eabi/10.3.1/../../../../arm-none-eabi/lib/thumb/v6-m/nofp\libc_nano.a(lib_a-vsprintf.o)
                0x080032ec                vsiprintf
                0x080032ec                vsprintf
 .text.__ssputs_r
                0x08003304       0xc4 d:/program files (x86)/gnu arm embedded toolchain/10 2021.10/bin/../lib/gcc/arm-none-eabi/10.3.1/../../../../arm-none-eabi/lib/thumb/v6-m/nofp\libc_nano.a(lib_a-nano-svfprintf.o)
                0x08003304                __ssputs_r
 .text._svfprintf_r
                0x080033c8      0x200 d:/program files (x86)/gnu arm embedded toolchain/10 2021.10/bin/../lib/gcc/arm-none-eabi/10.3.1/../../../../arm-none-eabi/lib/thumb/v6-m/nofp\libc_nano.a(lib_a-nano-svfprintf.o)
                0x080033c8                _svfiprintf_r
                0x080033c8                _svfprintf_r
 .text._printf_common
                0x080035c8       0xde d:/program files (x86)/gnu arm embedded toolchain/10 2021.10/bin/../lib/gcc/arm-none-eabi/10.3.1/../../../../arm-none-eabi/lib/thumb/v6-m/nofp\libc_nano.a(lib_a-nano-vfprintf_i.o)
                0x080035c8                _printf_common
 *fill*         0x080036a6        0x2 
 .text._printf_i
                0x080036a8      0x224 d:/program files (x86)/gnu arm embedded toolchain/10 2021.10/bin/../lib/gcc/arm-none-eabi/10.3.1/../../../../arm-none-eabi/lib/thumb/v6-m/nofp\libc_nano.a(lib_a-nano-vfprintf_i.o)
                0x080036a8                _printf_i
 .text.memchr   0x080038cc       0x16 d:/program files (x86)/gnu arm embedded toolchain/10 2021.10/bin/../lib/gcc/arm-none-eabi/10.3.1/../../../../arm-none-eabi/lib/thumb/v6-m/nofp\libc_nano.a(lib_a-memchr-stub.o)
                0x080038cc                memchr
 .text.memmove  0x080038e2       0x26 d:/program files (x86)/gnu arm embedded toolchain/10 2021.10/bin/../lib/gcc/arm-none-eabi/10.3.1/../../../../arm-none-eabi/lib/thumb/v6-m/nofp\libc_nano.a(lib_a-memmove.o)
                0x080038e2                memmove
 .text._free_r  0x08003908       0x94 d:/program files (x86)/gnu arm embedded toolchain/10 2021.10/bin/../lib/gcc/arm-none-eabi/10.3.1/../../../../arm-none-eabi/lib/thumb/v6-m/nofp\libc_nano.a(lib_a-nano-freer.o)
                0x08003908                _free_r
 .text.sbrk_aligned
                0x0800399c       0x44 d:/program files (x86)/gnu arm embedded toolchain/10 2021.10/bin/../lib/gcc/arm-none-eabi/10.3.1/../../../../arm-none-eabi/lib/thumb/v6-m/nofp\libc_nano.a(lib_a-nano-mallocr.o)
 .text._malloc_r
                0x080039e0       0xec d:/program files (x86)/gnu arm embedded toolchain/10 2021.10/bin/../lib/gcc/arm-none-eabi/10.3.1/../../../../arm-none-eabi/lib/thumb/v6-m/nofp\libc_nano.a(lib_a-nano-mallocr.o)
                0x080039e0                _malloc_r
 .text._realloc_r
                0x08003acc       0x5e d:/program files (x86)/gnu arm embedded toolchain/10 2021.10/bin/../lib/gcc/arm-none-eabi/10.3.1/../../../../arm-none-eabi/lib/thumb/v6-m/nofp\libc_nano.a(lib_a-nano-reallocr.o)
                0x08003acc                _realloc_r
 *fill*         0x08003b2a        0x2 
 .text._sbrk_r  0x08003b2c       0x24 d:/program files (x86)/gnu arm embedded toolchain/10 2021.10/bin/../lib/gcc/arm-none-eabi/10.3.1/../../../../arm-none-eabi/lib/thumb/v6-m/nofp\libc_nano.a(lib_a-sbrkr.o)
                0x08003b2c                _sbrk_r
 .text.__malloc_lock
                0x08003b50       0x10 d:/program files (x86)/gnu arm embedded toolchain/10 2021.10/bin/../lib/gcc/arm-none-eabi/10.3.1/../../../../arm-none-eabi/lib/thumb/v6-m/nofp\libc_nano.a(lib_a-mlock.o)
                0x08003b50                __malloc_lock
 .text.__malloc_unlock
                0x08003b60       0x10 d:/program files (x86)/gnu arm embedded toolchain/10 2021.10/bin/../lib/gcc/arm-none-eabi/10.3.1/../../../../arm-none-eabi/lib/thumb/v6-m/nofp\libc_nano.a(lib_a-mlock.o)
                0x08003b60                __malloc_unlock
 .text._malloc_usable_size_r
                0x08003b70       0x10 d:/program files (x86)/gnu arm embedded toolchain/10 2021.10/bin/../lib/gcc/arm-none-eabi/10.3.1/../../../../arm-none-eabi/lib/thumb/v6-m/nofp\libc_nano.a(lib_a-nano-msizer.o)
                0x08003b70                _malloc_usable_size_r
 .text.__retarget_lock_acquire_recursive
                0x08003b80        0x2 d:/program files (x86)/gnu arm embedded toolchain/10 2021.10/bin/../lib/gcc/arm-none-eabi/10.3.1/../../../../arm-none-eabi/lib/thumb/v6-m/nofp\libc_nano.a(lib_a-lock.o)
                0x08003b80                __retarget_lock_acquire_recursive
 .text.__retarget_lock_release_recursive
                0x08003b82        0x2 d:/program files (x86)/gnu arm embedded toolchain/10 2021.10/bin/../lib/gcc/arm-none-eabi/10.3.1/../../../../arm-none-eabi/lib/thumb/v6-m/nofp\libc_nano.a(lib_a-lock.o)
                0x08003b82                __retarget_lock_release_recursive
 .text._sbrk    0x08003b84       0x1c d:/program files (x86)/gnu arm embedded toolchain/10 2021.10/bin/../lib/gcc/arm-none-eabi/10.3.1/../../../../arm-none-eabi/lib/thumb/v6-m/nofp\libnosys.a(sbrk.o)
                0x08003b84                _sbrk
 *(.glue_7)
 .glue_7        0x08003ba0        0x0 linker stubs
 *(.glue_7t)
 .glue_7t       0x08003ba0        0x0 linker stubs
 *(.eh_frame)
 .eh_frame      0x08003ba0        0x0 d:/program files (x86)/gnu arm embedded toolchain/10 2021.10/bin/../lib/gcc/arm-none-eabi/10.3.1/thumb/v6-m/nofp/crtbegin.o
 *(.init)
 .init          0x08003ba0        0x4 d:/program files (x86)/gnu arm embedded toolchain/10 2021.10/bin/../lib/gcc/arm-none-eabi/10.3.1/thumb/v6-m/nofp/crti.o
                0x08003ba0                _init
 .init          0x08003ba4        0x8 d:/program files (x86)/gnu arm embedded toolchain/10 2021.10/bin/../lib/gcc/arm-none-eabi/10.3.1/thumb/v6-m/nofp/crtn.o
 *(.fini)
 .fini          0x08003bac        0x4 d:/program files (x86)/gnu arm embedded toolchain/10 2021.10/bin/../lib/gcc/arm-none-eabi/10.3.1/thumb/v6-m/nofp/crti.o
                0x08003bac                _fini
 .fini          0x08003bb0        0x8 d:/program files (x86)/gnu arm embedded toolchain/10 2021.10/bin/../lib/gcc/arm-none-eabi/10.3.1/thumb/v6-m/nofp/crtn.o
                0x08003bb8                . = ALIGN (0x4)
                0x08003bb8                _etext = .

.vfp11_veneer   0x08003bb8        0x0
 .vfp11_veneer  0x08003bb8        0x0 linker stubs

.v4_bx          0x08003bb8        0x0
 .v4_bx         0x08003bb8        0x0 linker stubs

.iplt           0x08003bb8        0x0
 .iplt          0x08003bb8        0x0 d:/program files (x86)/gnu arm embedded toolchain/10 2021.10/bin/../lib/gcc/arm-none-eabi/10.3.1/thumb/v6-m/nofp/crtbegin.o

.rodata         0x08003bb8      0x1a8
                0x08003bb8                . = ALIGN (0x4)
 *(.rodata)
 .rodata        0x08003bb8       0x80 d:/program files (x86)/gnu arm embedded toolchain/10 2021.10/bin/../lib/gcc/arm-none-eabi/10.3.1/thumb/v6-m/nofp\libgcc.a(divsf3.o)
 *(.rodata*)
 .rodata.main.str1.1
                0x08003c38       0x48 build/main.o
 .rodata.HAL_RCC_GetSysClockFreq.str1.1
                0x08003c80       0x22 build/stm32f0xx_hal_rcc.o
 .rodata.CSWTCH.58
                0x08003ca2        0x3 build/stm32f0xx_hal_uart.o
 .rodata.AHBPrescTable
                0x08003ca5       0x10 build/system_stm32f0xx.o
                0x08003ca5                AHBPrescTable
 .rodata.APBPrescTable
                0x08003cb5        0x8 build/system_stm32f0xx.o
                0x08003cb5                APBPrescTable
 .rodata.MS5611_Reset.str1.1
                0x08003cbd        0x2 build/Baro_MS5611.o
 .rodata.MS5611_GetPROM.str1.1
                0x08003cbf       0x1a build/Baro_MS5611.o
 .rodata.HMC5983_Init.str1.1
                0x08003cd9       0x16 build/HMC5983.o
 .rodata.ICM20_Init.str1.1
                0x08003cef       0x2d build/ICM20602.o
 .rodata.ICM20_GetTemperatue.str1.1
                0x08003d1c        0xe build/ICM20602.o
 .rodata._svfprintf_r.str1.1
                0x08003d2a       0x11 d:/program files (x86)/gnu arm embedded toolchain/10 2021.10/bin/../lib/gcc/arm-none-eabi/10.3.1/../../../../arm-none-eabi/lib/thumb/v6-m/nofp\libc_nano.a(lib_a-nano-svfprintf.o)
 .rodata._printf_i.str1.1
                0x08003d3b       0x22 d:/program files (x86)/gnu arm embedded toolchain/10 2021.10/bin/../lib/gcc/arm-none-eabi/10.3.1/../../../../arm-none-eabi/lib/thumb/v6-m/nofp\libc_nano.a(lib_a-nano-vfprintf_i.o)
                0x08003d60                . = ALIGN (0x4)
 *fill*         0x08003d5d        0x3 

.rel.dyn        0x08003d60        0x0
 .rel.iplt      0x08003d60        0x0 d:/program files (x86)/gnu arm embedded toolchain/10 2021.10/bin/../lib/gcc/arm-none-eabi/10.3.1/thumb/v6-m/nofp/crtbegin.o

.ARM.extab
 *(.ARM.extab* .gnu.linkonce.armextab.*)

.ARM            0x08003d60        0x0
                0x08003d60                __exidx_start = .
 *(.ARM.exidx*)
                0x08003d60                __exidx_end = .

.preinit_array  0x08003d60        0x0
                0x08003d60                PROVIDE (__preinit_array_start = .)
 *(.preinit_array*)
                0x08003d60                PROVIDE (__preinit_array_end = .)

.init_array     0x08003d60        0x4
                0x08003d60                PROVIDE (__init_array_start = .)
 *(SORT_BY_NAME(.init_array.*))
 *(.init_array*)
 .init_array    0x08003d60        0x4 d:/program files (x86)/gnu arm embedded toolchain/10 2021.10/bin/../lib/gcc/arm-none-eabi/10.3.1/thumb/v6-m/nofp/crtbegin.o
                0x08003d64                PROVIDE (__init_array_end = .)

.fini_array     0x08003d64        0x4
                [!provide]                PROVIDE (__fini_array_start = .)
 *(SORT_BY_NAME(.fini_array.*))
 *(.fini_array*)
 .fini_array    0x08003d64        0x4 d:/program files (x86)/gnu arm embedded toolchain/10 2021.10/bin/../lib/gcc/arm-none-eabi/10.3.1/thumb/v6-m/nofp/crtbegin.o
                [!provide]                PROVIDE (__fini_array_end = .)
                0x08003d68                _sidata = LOADADDR (.data)

.data           0x20000000       0x70 load address 0x08003d68
                0x20000000                . = ALIGN (0x4)
                0x20000000                _sdata = .
 *(.data)
 *(.data*)
 .data.uwTickFreq
                0x20000000        0x1 build/stm32f0xx_hal.o
                0x20000000                uwTickFreq
 *fill*         0x20000001        0x3 
 .data.uwTickPrio
                0x20000004        0x4 build/stm32f0xx_hal.o
                0x20000004                uwTickPrio
 .data.SystemCoreClock
                0x20000008        0x4 build/system_stm32f0xx.o
                0x20000008                SystemCoreClock
 .data._impure_ptr
                0x2000000c        0x4 d:/program files (x86)/gnu arm embedded toolchain/10 2021.10/bin/../lib/gcc/arm-none-eabi/10.3.1/../../../../arm-none-eabi/lib/thumb/v6-m/nofp\libc_nano.a(lib_a-impure.o)
                0x2000000c                _impure_ptr
 .data.impure_data
                0x20000010       0x60 d:/program files (x86)/gnu arm embedded toolchain/10 2021.10/bin/../lib/gcc/arm-none-eabi/10.3.1/../../../../arm-none-eabi/lib/thumb/v6-m/nofp\libc_nano.a(lib_a-impure.o)
                0x20000070                . = ALIGN (0x4)
                0x20000070                _edata = .

.igot.plt       0x20000070        0x0 load address 0x08003dd8
 .igot.plt      0x20000070        0x0 d:/program files (x86)/gnu arm embedded toolchain/10 2021.10/bin/../lib/gcc/arm-none-eabi/10.3.1/thumb/v6-m/nofp/crtbegin.o
                0x20000070                . = ALIGN (0x4)

.bss            0x20000070      0x288 load address 0x08003dd8
                0x20000070                _sbss = .
                0x20000070                __bss_start__ = _sbss
 *(.bss)
 .bss           0x20000070       0x1c d:/program files (x86)/gnu arm embedded toolchain/10 2021.10/bin/../lib/gcc/arm-none-eabi/10.3.1/thumb/v6-m/nofp/crtbegin.o
 *(.bss*)
 .bss.uwTick    0x2000008c        0x4 build/stm32f0xx_hal.o
                0x2000008c                uwTick
 .bss.hi2c1     0x20000090       0x4c build/i2c.o
                0x20000090                hi2c1
 .bss.hdma_spi1_rx
                0x200000dc       0x44 build/spi.o
                0x200000dc                hdma_spi1_rx
 .bss.hdma_spi1_tx
                0x20000120       0x44 build/spi.o
                0x20000120                hdma_spi1_tx
 .bss.hspi1     0x20000164       0x64 build/spi.o
                0x20000164                hspi1
 .bss.hdma_usart1_rx
                0x200001c8       0x44 build/usart.o
                0x200001c8                hdma_usart1_rx
 .bss.hdma_usart1_tx
                0x2000020c       0x44 build/usart.o
                0x2000020c                hdma_usart1_tx
 .bss.huart1    0x20000250       0x84 build/usart.o
                0x20000250                huart1
 .bss.rx        0x200002d4        0x1 build/Spi_Driver.o
 .bss.tx        0x200002d5        0x1 build/Spi_Driver.o
 .bss.tx_buff   0x200002d6        0xe build/Spi_Driver.o
 .bss.__malloc_free_list
                0x200002e4        0x4 d:/program files (x86)/gnu arm embedded toolchain/10 2021.10/bin/../lib/gcc/arm-none-eabi/10.3.1/../../../../arm-none-eabi/lib/thumb/v6-m/nofp\libc_nano.a(lib_a-nano-mallocr.o)
                0x200002e4                __malloc_free_list
 .bss.__malloc_sbrk_start
                0x200002e8        0x4 d:/program files (x86)/gnu arm embedded toolchain/10 2021.10/bin/../lib/gcc/arm-none-eabi/10.3.1/../../../../arm-none-eabi/lib/thumb/v6-m/nofp\libc_nano.a(lib_a-nano-mallocr.o)
                0x200002e8                __malloc_sbrk_start
 .bss.errno     0x200002ec        0x4 d:/program files (x86)/gnu arm embedded toolchain/10 2021.10/bin/../lib/gcc/arm-none-eabi/10.3.1/../../../../arm-none-eabi/lib/thumb/v6-m/nofp\libc_nano.a(lib_a-reent.o)
                0x200002ec                errno
 .bss.__lock___malloc_recursive_mutex
                0x200002f0        0x1 d:/program files (x86)/gnu arm embedded toolchain/10 2021.10/bin/../lib/gcc/arm-none-eabi/10.3.1/../../../../arm-none-eabi/lib/thumb/v6-m/nofp\libc_nano.a(lib_a-lock.o)
                0x200002f0                __lock___malloc_recursive_mutex
 *fill*         0x200002f1        0x3 
 .bss.heap_end.0
                0x200002f4        0x4 d:/program files (x86)/gnu arm embedded toolchain/10 2021.10/bin/../lib/gcc/arm-none-eabi/10.3.1/../../../../arm-none-eabi/lib/thumb/v6-m/nofp\libnosys.a(sbrk.o)
 *(COMMON)
                0x200002f8                . = ALIGN (0x4)
                0x200002f8                _ebss = .
                0x200002f8                __bss_end__ = _ebss

._user_heap_stack
                0x200002f8      0x600 load address 0x08003dd8
                0x200002f8                . = ALIGN (0x8)
                0x200002f8                PROVIDE (end = .)
                [!provide]                PROVIDE (_end = .)
                0x200004f8                . = (. + _Min_Heap_Size)
 *fill*         0x200002f8      0x200 
                0x200008f8                . = (. + _Min_Stack_Size)
 *fill*         0x200004f8      0x400 
                0x200008f8                . = ALIGN (0x8)

/DISCARD/
 libc.a(*)
 libm.a(*)
 libgcc.a(*)

.ARM.attributes
                0x00000000       0x28
 *(.ARM.attributes)
 .ARM.attributes
                0x00000000       0x1e d:/program files (x86)/gnu arm embedded toolchain/10 2021.10/bin/../lib/gcc/arm-none-eabi/10.3.1/thumb/v6-m/nofp/crti.o
 .ARM.attributes
                0x0000001e       0x2c d:/program files (x86)/gnu arm embedded toolchain/10 2021.10/bin/../lib/gcc/arm-none-eabi/10.3.1/thumb/v6-m/nofp/crtbegin.o
 .ARM.attributes
                0x0000004a       0x2c build/main.o
 .ARM.attributes
                0x00000076       0x2c build/stm32f0xx_it.o
 .ARM.attributes
                0x000000a2       0x2c build/stm32f0xx_hal_msp.o
 .ARM.attributes
                0x000000ce       0x2c build/stm32f0xx_hal_spi.o
 .ARM.attributes
                0x000000fa       0x2c build/stm32f0xx_hal_rcc.o
 .ARM.attributes
                0x00000126       0x2c build/stm32f0xx_hal_rcc_ex.o
 .ARM.attributes
                0x00000152       0x2c build/stm32f0xx_hal.o
 .ARM.attributes
                0x0000017e       0x2c build/stm32f0xx_hal_i2c.o
 .ARM.attributes
                0x000001aa       0x2c build/stm32f0xx_hal_i2c_ex.o
 .ARM.attributes
                0x000001d6       0x2c build/stm32f0xx_hal_gpio.o
 .ARM.attributes
                0x00000202       0x2c build/stm32f0xx_hal_dma.o
 .ARM.attributes
                0x0000022e       0x2c build/stm32f0xx_hal_cortex.o
 .ARM.attributes
                0x0000025a       0x2c build/stm32f0xx_hal_uart.o
 .ARM.attributes
                0x00000286       0x2c build/system_stm32f0xx.o
 .ARM.attributes
                0x000002b2       0x2c build/gpio.o
 .ARM.attributes
                0x000002de       0x2c build/dma.o
 .ARM.attributes
                0x0000030a       0x2c build/i2c.o
 .ARM.attributes
                0x00000336       0x2c build/spi.o
 .ARM.attributes
                0x00000362       0x2c build/usart.o
 .ARM.attributes
                0x0000038e       0x2c build/Spi_Driver.o
 .ARM.attributes
                0x000003ba       0x2c build/Uart_Driver.o
 .ARM.attributes
                0x000003e6       0x2c build/Baro_MS5611.o
 .ARM.attributes
                0x00000412       0x2c build/HMC5983.o
 .ARM.attributes
                0x0000043e       0x2c build/ICM20602.o
 .ARM.attributes
                0x0000046a       0x2c build/System_Tick.o
 .ARM.attributes
                0x00000496       0x21 build/startup_stm32f030x6.o
 .ARM.attributes
                0x000004b7       0x2c d:/program files (x86)/gnu arm embedded toolchain/10 2021.10/bin/../lib/gcc/arm-none-eabi/10.3.1/../../../../arm-none-eabi/lib/thumb/v6-m/nofp\libc_nano.a(lib_a-impure.o)
 .ARM.attributes
                0x000004e3       0x2c d:/program files (x86)/gnu arm embedded toolchain/10 2021.10/bin/../lib/gcc/arm-none-eabi/10.3.1/../../../../arm-none-eabi/lib/thumb/v6-m/nofp\libc_nano.a(lib_a-init.o)
 .ARM.attributes
                0x0000050f       0x2c d:/program files (x86)/gnu arm embedded toolchain/10 2021.10/bin/../lib/gcc/arm-none-eabi/10.3.1/../../../../arm-none-eabi/lib/thumb/v6-m/nofp\libc_nano.a(lib_a-memcpy-stub.o)
 .ARM.attributes
                0x0000053b       0x2c d:/program files (x86)/gnu arm embedded toolchain/10 2021.10/bin/../lib/gcc/arm-none-eabi/10.3.1/../../../../arm-none-eabi/lib/thumb/v6-m/nofp\libc_nano.a(lib_a-memset.o)
 .ARM.attributes
                0x00000567       0x1c d:/program files (x86)/gnu arm embedded toolchain/10 2021.10/bin/../lib/gcc/arm-none-eabi/10.3.1/../../../../arm-none-eabi/lib/thumb/v6-m/nofp\libc_nano.a(lib_a-strlen.o)
 .ARM.attributes
                0x00000583       0x2c d:/program files (x86)/gnu arm embedded toolchain/10 2021.10/bin/../lib/gcc/arm-none-eabi/10.3.1/../../../../arm-none-eabi/lib/thumb/v6-m/nofp\libc_nano.a(lib_a-vsprintf.o)
 .ARM.attributes
                0x000005af       0x2c d:/program files (x86)/gnu arm embedded toolchain/10 2021.10/bin/../lib/gcc/arm-none-eabi/10.3.1/../../../../arm-none-eabi/lib/thumb/v6-m/nofp\libc_nano.a(lib_a-nano-svfprintf.o)
 .ARM.attributes
                0x000005db       0x2c d:/program files (x86)/gnu arm embedded toolchain/10 2021.10/bin/../lib/gcc/arm-none-eabi/10.3.1/../../../../arm-none-eabi/lib/thumb/v6-m/nofp\libc_nano.a(lib_a-nano-vfprintf_i.o)
 .ARM.attributes
                0x00000607       0x2c d:/program files (x86)/gnu arm embedded toolchain/10 2021.10/bin/../lib/gcc/arm-none-eabi/10.3.1/../../../../arm-none-eabi/lib/thumb/v6-m/nofp\libc_nano.a(lib_a-memchr-stub.o)
 .ARM.attributes
                0x00000633       0x2c d:/program files (x86)/gnu arm embedded toolchain/10 2021.10/bin/../lib/gcc/arm-none-eabi/10.3.1/../../../../arm-none-eabi/lib/thumb/v6-m/nofp\libc_nano.a(lib_a-memmove.o)
 .ARM.attributes
                0x0000065f       0x2c d:/program files (x86)/gnu arm embedded toolchain/10 2021.10/bin/../lib/gcc/arm-none-eabi/10.3.1/../../../../arm-none-eabi/lib/thumb/v6-m/nofp\libc_nano.a(lib_a-nano-freer.o)
 .ARM.attributes
                0x0000068b       0x2c d:/program files (x86)/gnu arm embedded toolchain/10 2021.10/bin/../lib/gcc/arm-none-eabi/10.3.1/../../../../arm-none-eabi/lib/thumb/v6-m/nofp\libc_nano.a(lib_a-nano-mallocr.o)
 .ARM.attributes
                0x000006b7       0x2c d:/program files (x86)/gnu arm embedded toolchain/10 2021.10/bin/../lib/gcc/arm-none-eabi/10.3.1/../../../../arm-none-eabi/lib/thumb/v6-m/nofp\libc_nano.a(lib_a-nano-reallocr.o)
 .ARM.attributes
                0x000006e3       0x2c d:/program files (x86)/gnu arm embedded toolchain/10 2021.10/bin/../lib/gcc/arm-none-eabi/10.3.1/../../../../arm-none-eabi/lib/thumb/v6-m/nofp\libc_nano.a(lib_a-sbrkr.o)
 .ARM.attributes
                0x0000070f       0x2c d:/program files (x86)/gnu arm embedded toolchain/10 2021.10/bin/../lib/gcc/arm-none-eabi/10.3.1/../../../../arm-none-eabi/lib/thumb/v6-m/nofp\libc_nano.a(lib_a-mlock.o)
 .ARM.attributes
                0x0000073b       0x2c d:/program files (x86)/gnu arm embedded toolchain/10 2021.10/bin/../lib/gcc/arm-none-eabi/10.3.1/../../../../arm-none-eabi/lib/thumb/v6-m/nofp\libc_nano.a(lib_a-nano-msizer.o)
 .ARM.attributes
                0x00000767       0x2c d:/program files (x86)/gnu arm embedded toolchain/10 2021.10/bin/../lib/gcc/arm-none-eabi/10.3.1/../../../../arm-none-eabi/lib/thumb/v6-m/nofp\libc_nano.a(lib_a-reent.o)
 .ARM.attributes
                0x00000793       0x2c d:/program files (x86)/gnu arm embedded toolchain/10 2021.10/bin/../lib/gcc/arm-none-eabi/10.3.1/../../../../arm-none-eabi/lib/thumb/v6-m/nofp\libc_nano.a(lib_a-lock.o)
 .ARM.attributes
                0x000007bf       0x2c d:/program files (x86)/gnu arm embedded toolchain/10 2021.10/bin/../lib/gcc/arm-none-eabi/10.3.1/../../../../arm-none-eabi/lib/thumb/v6-m/nofp\libnosys.a(sbrk.o)
 .ARM.attributes
                0x000007eb       0x1e d:/program files (x86)/gnu arm embedded toolchain/10 2021.10/bin/../lib/gcc/arm-none-eabi/10.3.1/thumb/v6-m/nofp\libgcc.a(_thumb1_case_sqi.o)
 .ARM.attributes
                0x00000809       0x1e d:/program files (x86)/gnu arm embedded toolchain/10 2021.10/bin/../lib/gcc/arm-none-eabi/10.3.1/thumb/v6-m/nofp\libgcc.a(_thumb1_case_uqi.o)
 .ARM.attributes
                0x00000827       0x1e d:/program files (x86)/gnu arm embedded toolchain/10 2021.10/bin/../lib/gcc/arm-none-eabi/10.3.1/thumb/v6-m/nofp\libgcc.a(_thumb1_case_shi.o)
 .ARM.attributes
                0x00000845       0x1e d:/program files (x86)/gnu arm embedded toolchain/10 2021.10/bin/../lib/gcc/arm-none-eabi/10.3.1/thumb/v6-m/nofp\libgcc.a(_udivsi3.o)
 .ARM.attributes
                0x00000863       0x1e d:/program files (x86)/gnu arm embedded toolchain/10 2021.10/bin/../lib/gcc/arm-none-eabi/10.3.1/thumb/v6-m/nofp\libgcc.a(_dvmd_tls.o)
 .ARM.attributes
                0x00000881       0x2c d:/program files (x86)/gnu arm embedded toolchain/10 2021.10/bin/../lib/gcc/arm-none-eabi/10.3.1/thumb/v6-m/nofp\libgcc.a(addsf3.o)
 .ARM.attributes
                0x000008ad       0x2c d:/program files (x86)/gnu arm embedded toolchain/10 2021.10/bin/../lib/gcc/arm-none-eabi/10.3.1/thumb/v6-m/nofp\libgcc.a(divsf3.o)
 .ARM.attributes
                0x000008d9       0x2c d:/program files (x86)/gnu arm embedded toolchain/10 2021.10/bin/../lib/gcc/arm-none-eabi/10.3.1/thumb/v6-m/nofp\libgcc.a(floatunsisf.o)
 .ARM.attributes
                0x00000905       0x1e d:/program files (x86)/gnu arm embedded toolchain/10 2021.10/bin/../lib/gcc/arm-none-eabi/10.3.1/thumb/v6-m/nofp\libgcc.a(_clzsi2.o)
 .ARM.attributes
                0x00000923       0x1e d:/program files (x86)/gnu arm embedded toolchain/10 2021.10/bin/../lib/gcc/arm-none-eabi/10.3.1/thumb/v6-m/nofp/crtn.o
OUTPUT(build/chaser_imu.elf elf32-littlearm)
LOAD linker stubs
LOAD d:/program files (x86)/gnu arm embedded toolchain/10 2021.10/bin/../lib/gcc/arm-none-eabi/10.3.1/../../../../arm-none-eabi/lib/thumb/v6-m/nofp\libc.a
LOAD d:/program files (x86)/gnu arm embedded toolchain/10 2021.10/bin/../lib/gcc/arm-none-eabi/10.3.1/../../../../arm-none-eabi/lib/thumb/v6-m/nofp\libm.a
LOAD d:/program files (x86)/gnu arm embedded toolchain/10 2021.10/bin/../lib/gcc/arm-none-eabi/10.3.1/thumb/v6-m/nofp\libgcc.a

.debug_info     0x00000000    0x15250
 .debug_info    0x00000000      0x7ba build/main.o
 .debug_info    0x000007ba      0xb5c build/stm32f0xx_it.o
 .debug_info    0x00001316      0x1d1 build/stm32f0xx_hal_msp.o
 .debug_info    0x000014e7     0x23b9 build/stm32f0xx_hal_spi.o
 .debug_info    0x000038a0      0xb8c build/stm32f0xx_hal_rcc.o
 .debug_info    0x0000442c      0x413 build/stm32f0xx_hal_rcc_ex.o
 .debug_info    0x0000483f      0x802 build/stm32f0xx_hal.o
 .debug_info    0x00005041     0x4033 build/stm32f0xx_hal_i2c.o
 .debug_info    0x00009074      0x8ff build/stm32f0xx_hal_i2c_ex.o
 .debug_info    0x00009973      0x6bc build/stm32f0xx_hal_gpio.o
 .debug_info    0x0000a02f      0x93a build/stm32f0xx_hal_dma.o
 .debug_info    0x0000a969      0x8f2 build/stm32f0xx_hal_cortex.o
 .debug_info    0x0000b25b     0x5006 build/stm32f0xx_hal_uart.o
 .debug_info    0x00010261      0x2bc build/system_stm32f0xx.o
 .debug_info    0x0001051d      0x410 build/gpio.o
 .debug_info    0x0001092d      0x2dd build/dma.o
 .debug_info    0x00010c0a      0xaa1 build/i2c.o
 .debug_info    0x000116ab      0xb89 build/spi.o
 .debug_info    0x00012234      0xca3 build/usart.o
 .debug_info    0x00012ed7      0xc6c build/Spi_Driver.o
 .debug_info    0x00013b43      0x904 build/Uart_Driver.o
 .debug_info    0x00014447      0x441 build/Baro_MS5611.o
 .debug_info    0x00014888      0x1e0 build/HMC5983.o
 .debug_info    0x00014a68      0x6ef build/ICM20602.o
 .debug_info    0x00015157       0xd7 build/System_Tick.o
 .debug_info    0x0001522e       0x22 build/startup_stm32f030x6.o

.debug_abbrev   0x00000000     0x3182
 .debug_abbrev  0x00000000      0x20b build/main.o
 .debug_abbrev  0x0000020b      0x19c build/stm32f0xx_it.o
 .debug_abbrev  0x000003a7       0xbd build/stm32f0xx_hal_msp.o
 .debug_abbrev  0x00000464      0x338 build/stm32f0xx_hal_spi.o
 .debug_abbrev  0x0000079c      0x2c0 build/stm32f0xx_hal_rcc.o
 .debug_abbrev  0x00000a5c      0x1ab build/stm32f0xx_hal_rcc_ex.o
 .debug_abbrev  0x00000c07      0x2ab build/stm32f0xx_hal.o
 .debug_abbrev  0x00000eb2      0x3e1 build/stm32f0xx_hal_i2c.o
 .debug_abbrev  0x00001293      0x1c4 build/stm32f0xx_hal_i2c_ex.o
 .debug_abbrev  0x00001457      0x220 build/stm32f0xx_hal_gpio.o
 .debug_abbrev  0x00001677      0x24e build/stm32f0xx_hal_dma.o
 .debug_abbrev  0x000018c5      0x29a build/stm32f0xx_hal_cortex.o
 .debug_abbrev  0x00001b5f      0x3e3 build/stm32f0xx_hal_uart.o
 .debug_abbrev  0x00001f42      0x134 build/system_stm32f0xx.o
 .debug_abbrev  0x00002076      0x161 build/gpio.o
 .debug_abbrev  0x000021d7      0x115 build/dma.o
 .debug_abbrev  0x000022ec      0x1fd build/i2c.o
 .debug_abbrev  0x000024e9      0x203 build/spi.o
 .debug_abbrev  0x000026ec      0x203 build/usart.o
 .debug_abbrev  0x000028ef      0x25a build/Spi_Driver.o
 .debug_abbrev  0x00002b49      0x21d build/Uart_Driver.o
 .debug_abbrev  0x00002d66      0x149 build/Baro_MS5611.o
 .debug_abbrev  0x00002eaf      0x105 build/HMC5983.o
 .debug_abbrev  0x00002fb4      0x132 build/ICM20602.o
 .debug_abbrev  0x000030e6       0x8a build/System_Tick.o
 .debug_abbrev  0x00003170       0x12 build/startup_stm32f030x6.o

.debug_loc      0x00000000     0xd5ba
 .debug_loc     0x00000000       0x9c build/main.o
 .debug_loc     0x0000009c       0xa0 build/stm32f0xx_it.o
 .debug_loc     0x0000013c       0x20 build/stm32f0xx_hal_msp.o
 .debug_loc     0x0000015c     0x2324 build/stm32f0xx_hal_spi.o
 .debug_loc     0x00002480      0x6de build/stm32f0xx_hal_rcc.o
 .debug_loc     0x00002b5e      0x31b build/stm32f0xx_hal_rcc_ex.o
 .debug_loc     0x00002e79      0x1ad build/stm32f0xx_hal.o
 .debug_loc     0x00003026     0x498f build/stm32f0xx_hal_i2c.o
 .debug_loc     0x000079b5      0x1ae build/stm32f0xx_hal_i2c_ex.o
 .debug_loc     0x00007b63      0x3f4 build/stm32f0xx_hal_gpio.o
 .debug_loc     0x00007f57      0x9b7 build/stm32f0xx_hal_dma.o
 .debug_loc     0x0000890e      0x475 build/stm32f0xx_hal_cortex.o
 .debug_loc     0x00008d83     0x38f6 build/stm32f0xx_hal_uart.o
 .debug_loc     0x0000c679      0x16d build/system_stm32f0xx.o
 .debug_loc     0x0000c7e6       0x2c build/gpio.o
 .debug_loc     0x0000c812       0x20 build/dma.o
 .debug_loc     0x0000c832       0xc3 build/i2c.o
 .debug_loc     0x0000c8f5       0xd0 build/spi.o
 .debug_loc     0x0000c9c5       0xd0 build/usart.o
 .debug_loc     0x0000ca95      0x4c8 build/Spi_Driver.o
 .debug_loc     0x0000cf5d       0xde build/Uart_Driver.o
 .debug_loc     0x0000d03b      0x17f build/Baro_MS5611.o
 .debug_loc     0x0000d1ba       0x45 build/HMC5983.o
 .debug_loc     0x0000d1ff      0x376 build/ICM20602.o
 .debug_loc     0x0000d575       0x45 build/System_Tick.o

.debug_aranges  0x00000000      0xbb0
 .debug_aranges
                0x00000000       0x30 build/main.o
 .debug_aranges
                0x00000030       0x58 build/stm32f0xx_it.o
 .debug_aranges
                0x00000088       0x20 build/stm32f0xx_hal_msp.o
 .debug_aranges
                0x000000a8      0x190 build/stm32f0xx_hal_spi.o
 .debug_aranges
                0x00000238       0x80 build/stm32f0xx_hal_rcc.o
 .debug_aranges
                0x000002b8       0x30 build/stm32f0xx_hal_rcc_ex.o
 .debug_aranges
                0x000002e8       0xc8 build/stm32f0xx_hal.o
 .debug_aranges
                0x000003b0      0x240 build/stm32f0xx_hal_i2c.o
 .debug_aranges
                0x000005f0       0x38 build/stm32f0xx_hal_i2c_ex.o
 .debug_aranges
                0x00000628       0x58 build/stm32f0xx_hal_gpio.o
 .debug_aranges
                0x00000680       0x78 build/stm32f0xx_hal_dma.o
 .debug_aranges
                0x000006f8       0x78 build/stm32f0xx_hal_cortex.o
 .debug_aranges
                0x00000770      0x1c8 build/stm32f0xx_hal_uart.o
 .debug_aranges
                0x00000938       0x28 build/system_stm32f0xx.o
 .debug_aranges
                0x00000960       0x20 build/gpio.o
 .debug_aranges
                0x00000980       0x20 build/dma.o
 .debug_aranges
                0x000009a0       0x30 build/i2c.o
 .debug_aranges
                0x000009d0       0x30 build/spi.o
 .debug_aranges
                0x00000a00       0x30 build/usart.o
 .debug_aranges
                0x00000a30       0x58 build/Spi_Driver.o
 .debug_aranges
                0x00000a88       0x30 build/Uart_Driver.o
 .debug_aranges
                0x00000ab8       0x38 build/Baro_MS5611.o
 .debug_aranges
                0x00000af0       0x20 build/HMC5983.o
 .debug_aranges
                0x00000b10       0x58 build/ICM20602.o
 .debug_aranges
                0x00000b68       0x20 build/System_Tick.o
 .debug_aranges
                0x00000b88       0x28 build/startup_stm32f030x6.o

.debug_ranges   0x00000000     0x10a0
 .debug_ranges  0x00000000       0x88 build/main.o
 .debug_ranges  0x00000088       0x48 build/stm32f0xx_it.o
 .debug_ranges  0x000000d0       0x58 build/stm32f0xx_hal_msp.o
 .debug_ranges  0x00000128      0x210 build/stm32f0xx_hal_spi.o
 .debug_ranges  0x00000338       0xa0 build/stm32f0xx_hal_rcc.o
 .debug_ranges  0x000003d8       0x40 build/stm32f0xx_hal_rcc_ex.o
 .debug_ranges  0x00000418       0xb8 build/stm32f0xx_hal.o
 .debug_ranges  0x000004d0      0x2b0 build/stm32f0xx_hal_i2c.o
 .debug_ranges  0x00000780       0x78 build/stm32f0xx_hal_i2c_ex.o
 .debug_ranges  0x000007f8       0x70 build/stm32f0xx_hal_gpio.o
 .debug_ranges  0x00000868       0xe8 build/stm32f0xx_hal_dma.o
 .debug_ranges  0x00000950      0x108 build/stm32f0xx_hal_cortex.o
 .debug_ranges  0x00000a58      0x338 build/stm32f0xx_hal_uart.o
 .debug_ranges  0x00000d90       0x18 build/system_stm32f0xx.o
 .debug_ranges  0x00000da8       0x78 build/gpio.o
 .debug_ranges  0x00000e20       0x48 build/dma.o
 .debug_ranges  0x00000e68       0x40 build/i2c.o
 .debug_ranges  0x00000ea8       0x70 build/spi.o
 .debug_ranges  0x00000f18       0x70 build/usart.o
 .debug_ranges  0x00000f88       0x48 build/Spi_Driver.o
 .debug_ranges  0x00000fd0       0x20 build/Uart_Driver.o
 .debug_ranges  0x00000ff0       0x28 build/Baro_MS5611.o
 .debug_ranges  0x00001018       0x10 build/HMC5983.o
 .debug_ranges  0x00001028       0x48 build/ICM20602.o
 .debug_ranges  0x00001070       0x10 build/System_Tick.o
 .debug_ranges  0x00001080       0x20 build/startup_stm32f030x6.o

.debug_line     0x00000000    0x10f13
 .debug_line    0x00000000      0x462 build/main.o
 .debug_line    0x00000462      0x2e1 build/stm32f0xx_it.o
 .debug_line    0x00000743      0x17d build/stm32f0xx_hal_msp.o
 .debug_line    0x000008c0     0x2942 build/stm32f0xx_hal_spi.o
 .debug_line    0x00003202      0xce0 build/stm32f0xx_hal_rcc.o
 .debug_line    0x00003ee2      0x4a2 build/stm32f0xx_hal_rcc_ex.o
 .debug_line    0x00004384      0x57d build/stm32f0xx_hal.o
 .debug_line    0x00004901     0x4cb0 build/stm32f0xx_hal_i2c.o
 .debug_line    0x000095b1      0x3e8 build/stm32f0xx_hal_i2c_ex.o
 .debug_line    0x00009999      0x693 build/stm32f0xx_hal_gpio.o
 .debug_line    0x0000a02c      0xab5 build/stm32f0xx_hal_dma.o
 .debug_line    0x0000aae1      0x542 build/stm32f0xx_hal_cortex.o
 .debug_line    0x0000b023     0x3bd5 build/stm32f0xx_hal_uart.o
 .debug_line    0x0000ebf8      0x21e build/system_stm32f0xx.o
 .debug_line    0x0000ee16      0x224 build/gpio.o
 .debug_line    0x0000f03a      0x1b5 build/dma.o
 .debug_line    0x0000f1ef      0x33e build/i2c.o
 .debug_line    0x0000f52d      0x41b build/spi.o
 .debug_line    0x0000f948      0x406 build/usart.o
 .debug_line    0x0000fd4e      0x3a4 build/Spi_Driver.o
 .debug_line    0x000100f2      0x349 build/Uart_Driver.o
 .debug_line    0x0001043b      0x2b4 build/Baro_MS5611.o
 .debug_line    0x000106ef      0x1cc build/HMC5983.o
 .debug_line    0x000108bb      0x481 build/ICM20602.o
 .debug_line    0x00010d3c      0x160 build/System_Tick.o
 .debug_line    0x00010e9c       0x77 build/startup_stm32f030x6.o

.debug_str      0x00000000     0x34e5
 .debug_str     0x00000000      0x4d0 build/main.o
                                0x539 (size before relaxing)
 .debug_str     0x000004d0      0x658 build/stm32f0xx_it.o
                                0x842 (size before relaxing)
 .debug_str     0x00000b28       0x7e build/stm32f0xx_hal_msp.o
                                0x1dc (size before relaxing)
 .debug_str     0x00000ba6      0x5f4 build/stm32f0xx_hal_spi.o
                                0xba5 (size before relaxing)
 .debug_str     0x0000119a      0x297 build/stm32f0xx_hal_rcc.o
                                0x650 (size before relaxing)
 .debug_str     0x00001431       0x94 build/stm32f0xx_hal_rcc_ex.o
                                0x38f (size before relaxing)
 .debug_str     0x000014c5      0x3bc build/stm32f0xx_hal.o
                                0x648 (size before relaxing)
 .debug_str     0x00001881      0xaeb build/stm32f0xx_hal_i2c.o
                                0xf52 (size before relaxing)
 .debug_str     0x0000236c       0xdd build/stm32f0xx_hal_i2c_ex.o
                                0x789 (size before relaxing)
 .debug_str     0x00002449      0x130 build/stm32f0xx_hal_gpio.o
                                0x3d7 (size before relaxing)
 .debug_str     0x00002579      0x1fb build/stm32f0xx_hal_dma.o
                                0x5fa (size before relaxing)
 .debug_str     0x00002774      0x27e build/stm32f0xx_hal_cortex.o
                                0x593 (size before relaxing)
 .debug_str     0x000029f2      0x74f build/stm32f0xx_hal_uart.o
                                0xe4d (size before relaxing)
 .debug_str     0x00003141       0x5c build/system_stm32f0xx.o
                                0x254 (size before relaxing)
 .debug_str     0x0000319d       0x20 build/gpio.o
                                0x2a5 (size before relaxing)
 .debug_str     0x000031bd        0xf build/dma.o
                                0x342 (size before relaxing)
 .debug_str     0x000031cc       0x1f build/i2c.o
                                0x7c5 (size before relaxing)
 .debug_str     0x000031eb       0x19 build/spi.o
                                0x88c (size before relaxing)
 .debug_str     0x00003204       0x1c build/usart.o
                                0x8e7 (size before relaxing)
 .debug_str     0x00003220       0xe6 build/Spi_Driver.o
                                0x738 (size before relaxing)
 .debug_str     0x00003306       0x76 build/Uart_Driver.o
                                0x63f (size before relaxing)
 .debug_str     0x0000337c       0x58 build/Baro_MS5611.o
                                0x255 (size before relaxing)
 .debug_str     0x000033d4       0x1a build/HMC5983.o
                                0x1d7 (size before relaxing)
 .debug_str     0x000033ee       0xb0 build/ICM20602.o
                                0x325 (size before relaxing)
 .debug_str     0x0000349e       0x23 build/System_Tick.o
                                0x190 (size before relaxing)
 .debug_str     0x000034c1       0x24 build/startup_stm32f030x6.o
                                 0x49 (size before relaxing)

.comment        0x00000000       0x49
 .comment       0x00000000       0x49 build/main.o
                                 0x4a (size before relaxing)
 .comment       0x00000049       0x4a build/stm32f0xx_it.o
 .comment       0x00000049       0x4a build/stm32f0xx_hal_msp.o
 .comment       0x00000049       0x4a build/stm32f0xx_hal_spi.o
 .comment       0x00000049       0x4a build/stm32f0xx_hal_rcc.o
 .comment       0x00000049       0x4a build/stm32f0xx_hal_rcc_ex.o
 .comment       0x00000049       0x4a build/stm32f0xx_hal.o
 .comment       0x00000049       0x4a build/stm32f0xx_hal_i2c.o
 .comment       0x00000049       0x4a build/stm32f0xx_hal_i2c_ex.o
 .comment       0x00000049       0x4a build/stm32f0xx_hal_gpio.o
 .comment       0x00000049       0x4a build/stm32f0xx_hal_dma.o
 .comment       0x00000049       0x4a build/stm32f0xx_hal_cortex.o
 .comment       0x00000049       0x4a build/stm32f0xx_hal_uart.o
 .comment       0x00000049       0x4a build/system_stm32f0xx.o
 .comment       0x00000049       0x4a build/gpio.o
 .comment       0x00000049       0x4a build/dma.o
 .comment       0x00000049       0x4a build/i2c.o
 .comment       0x00000049       0x4a build/spi.o
 .comment       0x00000049       0x4a build/usart.o
 .comment       0x00000049       0x4a build/Spi_Driver.o
 .comment       0x00000049       0x4a build/Uart_Driver.o
 .comment       0x00000049       0x4a build/Baro_MS5611.o
 .comment       0x00000049       0x4a build/HMC5983.o
 .comment       0x00000049       0x4a build/ICM20602.o
 .comment       0x00000049       0x4a build/System_Tick.o

.debug_frame    0x00000000     0x2628
 .debug_frame   0x00000000       0x5c build/main.o
 .debug_frame   0x0000005c       0xc8 build/stm32f0xx_it.o
 .debug_frame   0x00000124       0x24 build/stm32f0xx_hal_msp.o
 .debug_frame   0x00000148      0x5b8 build/stm32f0xx_hal_spi.o
 .debug_frame   0x00000700      0x14c build/stm32f0xx_hal_rcc.o
 .debug_frame   0x0000084c       0x58 build/stm32f0xx_hal_rcc_ex.o
 .debug_frame   0x000008a4      0x1b4 build/stm32f0xx_hal.o
 .debug_frame   0x00000a58      0x884 build/stm32f0xx_hal_i2c.o
 .debug_frame   0x000012dc       0x8c build/stm32f0xx_hal_i2c_ex.o
 .debug_frame   0x00001368       0xbc build/stm32f0xx_hal_gpio.o
 .debug_frame   0x00001424      0x160 build/stm32f0xx_hal_dma.o
 .debug_frame   0x00001584       0xe4 build/stm32f0xx_hal_cortex.o
 .debug_frame   0x00001668      0x630 build/stm32f0xx_hal_uart.o
 .debug_frame   0x00001c98       0x3c build/system_stm32f0xx.o
 .debug_frame   0x00001cd4       0x30 build/gpio.o
 .debug_frame   0x00001d04       0x2c build/dma.o
 .debug_frame   0x00001d30       0x5c build/i2c.o
 .debug_frame   0x00001d8c       0x5c build/spi.o
 .debug_frame   0x00001de8       0x60 build/usart.o
 .debug_frame   0x00001e48       0xe8 build/Spi_Driver.o
 .debug_frame   0x00001f30       0x64 build/Uart_Driver.o
 .debug_frame   0x00001f94       0x80 build/Baro_MS5611.o
 .debug_frame   0x00002014       0x2c build/HMC5983.o
 .debug_frame   0x00002040       0xf0 build/ICM20602.o
 .debug_frame   0x00002130       0x28 build/System_Tick.o
 .debug_frame   0x00002158       0x2c d:/program files (x86)/gnu arm embedded toolchain/10 2021.10/bin/../lib/gcc/arm-none-eabi/10.3.1/../../../../arm-none-eabi/lib/thumb/v6-m/nofp\libc_nano.a(lib_a-init.o)
 .debug_frame   0x00002184       0x28 d:/program files (x86)/gnu arm embedded toolchain/10 2021.10/bin/../lib/gcc/arm-none-eabi/10.3.1/../../../../arm-none-eabi/lib/thumb/v6-m/nofp\libc_nano.a(lib_a-memcpy-stub.o)
 .debug_frame   0x000021ac       0x20 d:/program files (x86)/gnu arm embedded toolchain/10 2021.10/bin/../lib/gcc/arm-none-eabi/10.3.1/../../../../arm-none-eabi/lib/thumb/v6-m/nofp\libc_nano.a(lib_a-memset.o)
 .debug_frame   0x000021cc       0x40 d:/program files (x86)/gnu arm embedded toolchain/10 2021.10/bin/../lib/gcc/arm-none-eabi/10.3.1/../../../../arm-none-eabi/lib/thumb/v6-m/nofp\libc_nano.a(lib_a-vsprintf.o)
 .debug_frame   0x0000220c       0x74 d:/program files (x86)/gnu arm embedded toolchain/10 2021.10/bin/../lib/gcc/arm-none-eabi/10.3.1/../../../../arm-none-eabi/lib/thumb/v6-m/nofp\libc_nano.a(lib_a-nano-svfprintf.o)
 .debug_frame   0x00002280       0x54 d:/program files (x86)/gnu arm embedded toolchain/10 2021.10/bin/../lib/gcc/arm-none-eabi/10.3.1/../../../../arm-none-eabi/lib/thumb/v6-m/nofp\libc_nano.a(lib_a-nano-vfprintf_i.o)
 .debug_frame   0x000022d4       0x20 d:/program files (x86)/gnu arm embedded toolchain/10 2021.10/bin/../lib/gcc/arm-none-eabi/10.3.1/../../../../arm-none-eabi/lib/thumb/v6-m/nofp\libc_nano.a(lib_a-memchr-stub.o)
 .debug_frame   0x000022f4       0x28 d:/program files (x86)/gnu arm embedded toolchain/10 2021.10/bin/../lib/gcc/arm-none-eabi/10.3.1/../../../../arm-none-eabi/lib/thumb/v6-m/nofp\libc_nano.a(lib_a-memmove.o)
 .debug_frame   0x0000231c       0x2c d:/program files (x86)/gnu arm embedded toolchain/10 2021.10/bin/../lib/gcc/arm-none-eabi/10.3.1/../../../../arm-none-eabi/lib/thumb/v6-m/nofp\libc_nano.a(lib_a-nano-freer.o)
 .debug_frame   0x00002348       0x50 d:/program files (x86)/gnu arm embedded toolchain/10 2021.10/bin/../lib/gcc/arm-none-eabi/10.3.1/../../../../arm-none-eabi/lib/thumb/v6-m/nofp\libc_nano.a(lib_a-nano-mallocr.o)
 .debug_frame   0x00002398       0x34 d:/program files (x86)/gnu arm embedded toolchain/10 2021.10/bin/../lib/gcc/arm-none-eabi/10.3.1/../../../../arm-none-eabi/lib/thumb/v6-m/nofp\libc_nano.a(lib_a-nano-reallocr.o)
 .debug_frame   0x000023cc       0x2c d:/program files (x86)/gnu arm embedded toolchain/10 2021.10/bin/../lib/gcc/arm-none-eabi/10.3.1/../../../../arm-none-eabi/lib/thumb/v6-m/nofp\libc_nano.a(lib_a-sbrkr.o)
 .debug_frame   0x000023f8       0x40 d:/program files (x86)/gnu arm embedded toolchain/10 2021.10/bin/../lib/gcc/arm-none-eabi/10.3.1/../../../../arm-none-eabi/lib/thumb/v6-m/nofp\libc_nano.a(lib_a-mlock.o)
 .debug_frame   0x00002438       0x20 d:/program files (x86)/gnu arm embedded toolchain/10 2021.10/bin/../lib/gcc/arm-none-eabi/10.3.1/../../../../arm-none-eabi/lib/thumb/v6-m/nofp\libc_nano.a(lib_a-nano-msizer.o)
 .debug_frame   0x00002458       0x48 d:/program files (x86)/gnu arm embedded toolchain/10 2021.10/bin/../lib/gcc/arm-none-eabi/10.3.1/../../../../arm-none-eabi/lib/thumb/v6-m/nofp\libc_nano.a(lib_a-reent.o)
 .debug_frame   0x000024a0       0xb0 d:/program files (x86)/gnu arm embedded toolchain/10 2021.10/bin/../lib/gcc/arm-none-eabi/10.3.1/../../../../arm-none-eabi/lib/thumb/v6-m/nofp\libc_nano.a(lib_a-lock.o)
 .debug_frame   0x00002550       0x20 d:/program files (x86)/gnu arm embedded toolchain/10 2021.10/bin/../lib/gcc/arm-none-eabi/10.3.1/../../../../arm-none-eabi/lib/thumb/v6-m/nofp\libnosys.a(sbrk.o)
 .debug_frame   0x00002570       0x20 d:/program files (x86)/gnu arm embedded toolchain/10 2021.10/bin/../lib/gcc/arm-none-eabi/10.3.1/thumb/v6-m/nofp\libgcc.a(_udivsi3.o)
 .debug_frame   0x00002590       0x34 d:/program files (x86)/gnu arm embedded toolchain/10 2021.10/bin/../lib/gcc/arm-none-eabi/10.3.1/thumb/v6-m/nofp\libgcc.a(addsf3.o)
 .debug_frame   0x000025c4       0x38 d:/program files (x86)/gnu arm embedded toolchain/10 2021.10/bin/../lib/gcc/arm-none-eabi/10.3.1/thumb/v6-m/nofp\libgcc.a(divsf3.o)
 .debug_frame   0x000025fc       0x2c d:/program files (x86)/gnu arm embedded toolchain/10 2021.10/bin/../lib/gcc/arm-none-eabi/10.3.1/thumb/v6-m/nofp\libgcc.a(floatunsisf.o)

Cross Reference Table

Symbol                                            File
ADC1_IRQHandler                                   build/startup_stm32f030x6.o
AHBPrescTable                                     build/system_stm32f0xx.o
                                                  build/stm32f0xx_hal_rcc.o
APBPrescTable                                     build/system_stm32f0xx.o
                                                  build/stm32f0xx_hal_rcc.o
Baro_Init                                         build/Baro_MS5611.o
                                                  build/main.o
DMA1_Channel1_IRQHandler                          build/startup_stm32f030x6.o
DMA1_Channel2_3_IRQHandler                        build/stm32f0xx_it.o
DMA1_Channel4_5_IRQHandler                        build/stm32f0xx_it.o
Debug_Printf                                      build/Uart_Driver.o
                                                  build/ICM20602.o
                                                  build/HMC5983.o
                                                  build/Baro_MS5611.o
                                                  build/main.o
Default_Handler                                   build/startup_stm32f030x6.o
EXTI0_1_IRQHandler                                build/startup_stm32f030x6.o
EXTI2_3_IRQHandler                                build/startup_stm32f030x6.o
EXTI4_15_IRQHandler                               build/startup_stm32f030x6.o
Error_Handler                                     build/main.o
                                                  build/usart.o
                                                  build/spi.o
                                                  build/i2c.o
FLASH_IRQHandler                                  build/startup_stm32f030x6.o
FLASH_PageErase                                   build/stm32f0xx_hal_flash_ex.o
                                                  build/stm32f0xx_hal_flash.o
FLASH_WaitForLastOperation                        build/stm32f0xx_hal_flash.o
                                                  build/stm32f0xx_hal_flash_ex.o
HAL_DBGMCU_DisableDBGStandbyMode                  build/stm32f0xx_hal.o
HAL_DBGMCU_DisableDBGStopMode                     build/stm32f0xx_hal.o
HAL_DBGMCU_EnableDBGStandbyMode                   build/stm32f0xx_hal.o
HAL_DBGMCU_EnableDBGStopMode                      build/stm32f0xx_hal.o
HAL_DMA_Abort                                     build/stm32f0xx_hal_dma.o
                                                  build/stm32f0xx_hal_uart.o
                                                  build/stm32f0xx_hal_spi.o
HAL_DMA_Abort_IT                                  build/stm32f0xx_hal_dma.o
                                                  build/stm32f0xx_hal_uart.o
                                                  build/stm32f0xx_hal_i2c.o
                                                  build/stm32f0xx_hal_spi.o
HAL_DMA_DeInit                                    build/stm32f0xx_hal_dma.o
                                                  build/usart.o
                                                  build/spi.o
HAL_DMA_GetError                                  build/stm32f0xx_hal_dma.o
                                                  build/stm32f0xx_hal_uart.o
HAL_DMA_GetState                                  build/stm32f0xx_hal_dma.o
                                                  build/stm32f0xx_hal_i2c.o
HAL_DMA_IRQHandler                                build/stm32f0xx_hal_dma.o
                                                  build/stm32f0xx_it.o
HAL_DMA_Init                                      build/stm32f0xx_hal_dma.o
                                                  build/usart.o
                                                  build/spi.o
HAL_DMA_PollForTransfer                           build/stm32f0xx_hal_dma.o
HAL_DMA_RegisterCallback                          build/stm32f0xx_hal_dma.o
HAL_DMA_Start                                     build/stm32f0xx_hal_dma.o
HAL_DMA_Start_IT                                  build/stm32f0xx_hal_dma.o
                                                  build/stm32f0xx_hal_uart.o
                                                  build/stm32f0xx_hal_i2c.o
                                                  build/stm32f0xx_hal_spi.o
HAL_DMA_UnRegisterCallback                        build/stm32f0xx_hal_dma.o
HAL_DeInit                                        build/stm32f0xx_hal.o
HAL_Delay                                         build/stm32f0xx_hal.o
                                                  build/System_Tick.o
                                                  build/HMC5983.o
                                                  build/Baro_MS5611.o
                                                  build/Uart_Driver.o
HAL_EXTI_ClearConfigLine                          build/stm32f0xx_hal_exti.o
HAL_EXTI_ClearPending                             build/stm32f0xx_hal_exti.o
HAL_EXTI_GenerateSWI                              build/stm32f0xx_hal_exti.o
HAL_EXTI_GetConfigLine                            build/stm32f0xx_hal_exti.o
HAL_EXTI_GetHandle                                build/stm32f0xx_hal_exti.o
HAL_EXTI_GetPending                               build/stm32f0xx_hal_exti.o
HAL_EXTI_IRQHandler                               build/stm32f0xx_hal_exti.o
HAL_EXTI_RegisterCallback                         build/stm32f0xx_hal_exti.o
HAL_EXTI_SetConfigLine                            build/stm32f0xx_hal_exti.o
HAL_FLASHEx_Erase                                 build/stm32f0xx_hal_flash_ex.o
HAL_FLASHEx_Erase_IT                              build/stm32f0xx_hal_flash_ex.o
HAL_FLASHEx_OBErase                               build/stm32f0xx_hal_flash_ex.o
HAL_FLASHEx_OBGetConfig                           build/stm32f0xx_hal_flash_ex.o
HAL_FLASHEx_OBGetUserData                         build/stm32f0xx_hal_flash_ex.o
HAL_FLASHEx_OBProgram                             build/stm32f0xx_hal_flash_ex.o
HAL_FLASH_EndOfOperationCallback                  build/stm32f0xx_hal_flash.o
HAL_FLASH_GetError                                build/stm32f0xx_hal_flash.o
HAL_FLASH_IRQHandler                              build/stm32f0xx_hal_flash.o
HAL_FLASH_Lock                                    build/stm32f0xx_hal_flash.o
HAL_FLASH_OB_Launch                               build/stm32f0xx_hal_flash.o
HAL_FLASH_OB_Lock                                 build/stm32f0xx_hal_flash.o
HAL_FLASH_OB_Unlock                               build/stm32f0xx_hal_flash.o
HAL_FLASH_OperationErrorCallback                  build/stm32f0xx_hal_flash.o
HAL_FLASH_Program                                 build/stm32f0xx_hal_flash.o
HAL_FLASH_Program_IT                              build/stm32f0xx_hal_flash.o
HAL_FLASH_Unlock                                  build/stm32f0xx_hal_flash.o
HAL_GPIO_DeInit                                   build/stm32f0xx_hal_gpio.o
                                                  build/usart.o
                                                  build/spi.o
                                                  build/i2c.o
HAL_GPIO_EXTI_Callback                            build/stm32f0xx_hal_gpio.o
HAL_GPIO_EXTI_IRQHandler                          build/stm32f0xx_hal_gpio.o
HAL_GPIO_Init                                     build/stm32f0xx_hal_gpio.o
                                                  build/usart.o
                                                  build/spi.o
                                                  build/i2c.o
                                                  build/gpio.o
                                                  build/stm32f0xx_hal_rcc.o
HAL_GPIO_LockPin                                  build/stm32f0xx_hal_gpio.o
HAL_GPIO_ReadPin                                  build/stm32f0xx_hal_gpio.o
HAL_GPIO_TogglePin                                build/stm32f0xx_hal_gpio.o
HAL_GPIO_WritePin                                 build/stm32f0xx_hal_gpio.o
                                                  build/Spi_Driver.o
                                                  build/gpio.o
HAL_GetDEVID                                      build/stm32f0xx_hal.o
HAL_GetHalVersion                                 build/stm32f0xx_hal.o
HAL_GetREVID                                      build/stm32f0xx_hal.o
HAL_GetTick                                       build/stm32f0xx_hal.o
                                                  build/stm32f0xx_hal_uart_ex.o
                                                  build/stm32f0xx_hal_uart.o
                                                  build/stm32f0xx_hal_flash.o
                                                  build/stm32f0xx_hal_dma.o
                                                  build/stm32f0xx_hal_i2c.o
                                                  build/stm32f0xx_hal_rcc_ex.o
                                                  build/stm32f0xx_hal_rcc.o
                                                  build/stm32f0xx_hal_spi.o
HAL_GetTickFreq                                   build/stm32f0xx_hal.o
HAL_GetTickPrio                                   build/stm32f0xx_hal.o
HAL_GetUIDw0                                      build/stm32f0xx_hal.o
HAL_GetUIDw1                                      build/stm32f0xx_hal.o
HAL_GetUIDw2                                      build/stm32f0xx_hal.o
HAL_HalfDuplex_EnableReceiver                     build/stm32f0xx_hal_uart.o
HAL_HalfDuplex_EnableTransmitter                  build/stm32f0xx_hal_uart.o
HAL_HalfDuplex_Init                               build/stm32f0xx_hal_uart.o
HAL_I2CEx_ConfigAnalogFilter                      build/stm32f0xx_hal_i2c_ex.o
                                                  build/i2c.o
HAL_I2CEx_ConfigDigitalFilter                     build/stm32f0xx_hal_i2c_ex.o
                                                  build/i2c.o
HAL_I2CEx_DisableFastModePlus                     build/stm32f0xx_hal_i2c_ex.o
HAL_I2CEx_EnableFastModePlus                      build/stm32f0xx_hal_i2c_ex.o
HAL_I2C_AbortCpltCallback                         build/stm32f0xx_hal_i2c.o
HAL_I2C_AddrCallback                              build/stm32f0xx_hal_i2c.o
HAL_I2C_DeInit                                    build/stm32f0xx_hal_i2c.o
HAL_I2C_DisableListen_IT                          build/stm32f0xx_hal_i2c.o
HAL_I2C_ER_IRQHandler                             build/stm32f0xx_hal_i2c.o
HAL_I2C_EV_IRQHandler                             build/stm32f0xx_hal_i2c.o
HAL_I2C_EnableListen_IT                           build/stm32f0xx_hal_i2c.o
HAL_I2C_ErrorCallback                             build/stm32f0xx_hal_i2c.o
HAL_I2C_GetError                                  build/stm32f0xx_hal_i2c.o
HAL_I2C_GetMode                                   build/stm32f0xx_hal_i2c.o
HAL_I2C_GetState                                  build/stm32f0xx_hal_i2c.o
HAL_I2C_Init                                      build/stm32f0xx_hal_i2c.o
                                                  build/i2c.o
HAL_I2C_IsDeviceReady                             build/stm32f0xx_hal_i2c.o
HAL_I2C_ListenCpltCallback                        build/stm32f0xx_hal_i2c.o
HAL_I2C_MasterRxCpltCallback                      build/stm32f0xx_hal_i2c.o
HAL_I2C_MasterTxCpltCallback                      build/stm32f0xx_hal_i2c.o
HAL_I2C_Master_Abort_IT                           build/stm32f0xx_hal_i2c.o
HAL_I2C_Master_Receive                            build/stm32f0xx_hal_i2c.o
HAL_I2C_Master_Receive_DMA                        build/stm32f0xx_hal_i2c.o
HAL_I2C_Master_Receive_IT                         build/stm32f0xx_hal_i2c.o
HAL_I2C_Master_Seq_Receive_DMA                    build/stm32f0xx_hal_i2c.o
HAL_I2C_Master_Seq_Receive_IT                     build/stm32f0xx_hal_i2c.o
HAL_I2C_Master_Seq_Transmit_DMA                   build/stm32f0xx_hal_i2c.o
HAL_I2C_Master_Seq_Transmit_IT                    build/stm32f0xx_hal_i2c.o
HAL_I2C_Master_Transmit                           build/stm32f0xx_hal_i2c.o
HAL_I2C_Master_Transmit_DMA                       build/stm32f0xx_hal_i2c.o
HAL_I2C_Master_Transmit_IT                        build/stm32f0xx_hal_i2c.o
HAL_I2C_MemRxCpltCallback                         build/stm32f0xx_hal_i2c.o
HAL_I2C_MemTxCpltCallback                         build/stm32f0xx_hal_i2c.o
HAL_I2C_Mem_Read                                  build/stm32f0xx_hal_i2c.o
HAL_I2C_Mem_Read_DMA                              build/stm32f0xx_hal_i2c.o
HAL_I2C_Mem_Read_IT                               build/stm32f0xx_hal_i2c.o
HAL_I2C_Mem_Write                                 build/stm32f0xx_hal_i2c.o
HAL_I2C_Mem_Write_DMA                             build/stm32f0xx_hal_i2c.o
HAL_I2C_Mem_Write_IT                              build/stm32f0xx_hal_i2c.o
HAL_I2C_MspDeInit                                 build/i2c.o
                                                  build/stm32f0xx_hal_i2c.o
HAL_I2C_MspInit                                   build/i2c.o
                                                  build/stm32f0xx_hal_i2c.o
HAL_I2C_SlaveRxCpltCallback                       build/stm32f0xx_hal_i2c.o
HAL_I2C_SlaveTxCpltCallback                       build/stm32f0xx_hal_i2c.o
HAL_I2C_Slave_Receive                             build/stm32f0xx_hal_i2c.o
HAL_I2C_Slave_Receive_DMA                         build/stm32f0xx_hal_i2c.o
HAL_I2C_Slave_Receive_IT                          build/stm32f0xx_hal_i2c.o
HAL_I2C_Slave_Seq_Receive_DMA                     build/stm32f0xx_hal_i2c.o
HAL_I2C_Slave_Seq_Receive_IT                      build/stm32f0xx_hal_i2c.o
HAL_I2C_Slave_Seq_Transmit_DMA                    build/stm32f0xx_hal_i2c.o
HAL_I2C_Slave_Seq_Transmit_IT                     build/stm32f0xx_hal_i2c.o
HAL_I2C_Slave_Transmit                            build/stm32f0xx_hal_i2c.o
HAL_I2C_Slave_Transmit_DMA                        build/stm32f0xx_hal_i2c.o
HAL_I2C_Slave_Transmit_IT                         build/stm32f0xx_hal_i2c.o
HAL_IncTick                                       build/stm32f0xx_hal.o
                                                  build/stm32f0xx_it.o
HAL_Init                                          build/stm32f0xx_hal.o
                                                  build/main.o
HAL_InitTick                                      build/stm32f0xx_hal.o
                                                  build/stm32f0xx_hal_rcc.o
HAL_MspDeInit                                     build/stm32f0xx_hal.o
HAL_MspInit                                       build/stm32f0xx_hal_msp.o
HAL_MultiProcessorEx_AddressLength_Set            build/stm32f0xx_hal_uart_ex.o
HAL_MultiProcessor_DisableMuteMode                build/stm32f0xx_hal_uart.o
HAL_MultiProcessor_EnableMuteMode                 build/stm32f0xx_hal_uart.o
HAL_MultiProcessor_EnterMuteMode                  build/stm32f0xx_hal_uart.o
HAL_MultiProcessor_Init                           build/stm32f0xx_hal_uart.o
HAL_NVIC_ClearPendingIRQ                          build/stm32f0xx_hal_cortex.o
HAL_NVIC_DisableIRQ                               build/stm32f0xx_hal_cortex.o
                                                  build/usart.o
                                                  build/spi.o
HAL_NVIC_EnableIRQ                                build/stm32f0xx_hal_cortex.o
                                                  build/usart.o
                                                  build/spi.o
                                                  build/dma.o
HAL_NVIC_GetPendingIRQ                            build/stm32f0xx_hal_cortex.o
HAL_NVIC_GetPriority                              build/stm32f0xx_hal_cortex.o
HAL_NVIC_SetPendingIRQ                            build/stm32f0xx_hal_cortex.o
HAL_NVIC_SetPriority                              build/stm32f0xx_hal_cortex.o
                                                  build/usart.o
                                                  build/spi.o
                                                  build/dma.o
                                                  build/stm32f0xx_hal.o
HAL_NVIC_SystemReset                              build/stm32f0xx_hal_cortex.o
HAL_PWR_DeInit                                    build/stm32f0xx_hal_pwr.o
HAL_PWR_DisableBkUpAccess                         build/stm32f0xx_hal_pwr.o
HAL_PWR_DisableSEVOnPend                          build/stm32f0xx_hal_pwr.o
HAL_PWR_DisableSleepOnExit                        build/stm32f0xx_hal_pwr.o
HAL_PWR_DisableWakeUpPin                          build/stm32f0xx_hal_pwr.o
HAL_PWR_EnableBkUpAccess                          build/stm32f0xx_hal_pwr.o
HAL_PWR_EnableSEVOnPend                           build/stm32f0xx_hal_pwr.o
HAL_PWR_EnableSleepOnExit                         build/stm32f0xx_hal_pwr.o
HAL_PWR_EnableWakeUpPin                           build/stm32f0xx_hal_pwr.o
HAL_PWR_EnterSLEEPMode                            build/stm32f0xx_hal_pwr.o
HAL_PWR_EnterSTANDBYMode                          build/stm32f0xx_hal_pwr.o
HAL_PWR_EnterSTOPMode                             build/stm32f0xx_hal_pwr.o
HAL_RCCEx_GetPeriphCLKConfig                      build/stm32f0xx_hal_rcc_ex.o
HAL_RCCEx_GetPeriphCLKFreq                        build/stm32f0xx_hal_rcc_ex.o
HAL_RCCEx_PeriphCLKConfig                         build/stm32f0xx_hal_rcc_ex.o
                                                  build/main.o
HAL_RCC_CSSCallback                               build/stm32f0xx_hal_rcc.o
HAL_RCC_ClockConfig                               build/stm32f0xx_hal_rcc.o
                                                  build/main.o
HAL_RCC_DeInit                                    build/stm32f0xx_hal_rcc.o
HAL_RCC_DisableCSS                                build/stm32f0xx_hal_rcc.o
HAL_RCC_EnableCSS                                 build/stm32f0xx_hal_rcc.o
HAL_RCC_GetClockConfig                            build/stm32f0xx_hal_rcc.o
HAL_RCC_GetHCLKFreq                               build/stm32f0xx_hal_rcc.o
HAL_RCC_GetOscConfig                              build/stm32f0xx_hal_rcc.o
HAL_RCC_GetPCLK1Freq                              build/stm32f0xx_hal_rcc.o
                                                  build/stm32f0xx_hal_uart.o
                                                  build/stm32f0xx_hal_rcc_ex.o
HAL_RCC_GetSysClockFreq                           build/stm32f0xx_hal_rcc.o
                                                  build/stm32f0xx_hal_uart.o
                                                  build/stm32f0xx_hal_rcc_ex.o
HAL_RCC_MCOConfig                                 build/stm32f0xx_hal_rcc.o
HAL_RCC_NMI_IRQHandler                            build/stm32f0xx_hal_rcc.o
HAL_RCC_OscConfig                                 build/stm32f0xx_hal_rcc.o
                                                  build/main.o
HAL_RS485Ex_Init                                  build/stm32f0xx_hal_uart_ex.o
HAL_ResumeTick                                    build/stm32f0xx_hal.o
HAL_SPIEx_FlushRxFifo                             build/stm32f0xx_hal_spi_ex.o
HAL_SPI_Abort                                     build/stm32f0xx_hal_spi.o
HAL_SPI_AbortCpltCallback                         build/stm32f0xx_hal_spi.o
HAL_SPI_Abort_IT                                  build/stm32f0xx_hal_spi.o
HAL_SPI_DMAPause                                  build/stm32f0xx_hal_spi.o
HAL_SPI_DMAResume                                 build/stm32f0xx_hal_spi.o
HAL_SPI_DMAStop                                   build/stm32f0xx_hal_spi.o
HAL_SPI_DeInit                                    build/stm32f0xx_hal_spi.o
HAL_SPI_ErrorCallback                             build/stm32f0xx_hal_spi.o
HAL_SPI_GetError                                  build/stm32f0xx_hal_spi.o
HAL_SPI_GetState                                  build/stm32f0xx_hal_spi.o
HAL_SPI_IRQHandler                                build/stm32f0xx_hal_spi.o
                                                  build/stm32f0xx_it.o
HAL_SPI_Init                                      build/stm32f0xx_hal_spi.o
                                                  build/spi.o
HAL_SPI_MspDeInit                                 build/spi.o
                                                  build/stm32f0xx_hal_spi.o
HAL_SPI_MspInit                                   build/spi.o
                                                  build/stm32f0xx_hal_spi.o
HAL_SPI_Receive                                   build/stm32f0xx_hal_spi.o
HAL_SPI_Receive_DMA                               build/stm32f0xx_hal_spi.o
                                                  build/Spi_Driver.o
HAL_SPI_Receive_IT                                build/stm32f0xx_hal_spi.o
HAL_SPI_RxCpltCallback                            build/stm32f0xx_hal_spi.o
HAL_SPI_RxHalfCpltCallback                        build/stm32f0xx_hal_spi.o
HAL_SPI_Transmit                                  build/stm32f0xx_hal_spi.o
HAL_SPI_TransmitReceive                           build/stm32f0xx_hal_spi.o
HAL_SPI_TransmitReceive_DMA                       build/stm32f0xx_hal_spi.o
                                                  build/Spi_Driver.o
HAL_SPI_TransmitReceive_IT                        build/stm32f0xx_hal_spi.o
HAL_SPI_Transmit_DMA                              build/stm32f0xx_hal_spi.o
                                                  build/Spi_Driver.o
HAL_SPI_Transmit_IT                               build/stm32f0xx_hal_spi.o
HAL_SPI_TxCpltCallback                            build/stm32f0xx_hal_spi.o
HAL_SPI_TxHalfCpltCallback                        build/stm32f0xx_hal_spi.o
HAL_SPI_TxRxCpltCallback                          build/stm32f0xx_hal_spi.o
HAL_SPI_TxRxHalfCpltCallback                      build/stm32f0xx_hal_spi.o
HAL_SYSTICK_CLKSourceConfig                       build/stm32f0xx_hal_cortex.o
HAL_SYSTICK_Callback                              build/stm32f0xx_hal_cortex.o
HAL_SYSTICK_Config                                build/stm32f0xx_hal_cortex.o
                                                  build/stm32f0xx_hal.o
HAL_SYSTICK_IRQHandler                            build/stm32f0xx_hal_cortex.o
HAL_SetTickFreq                                   build/stm32f0xx_hal.o
HAL_SuspendTick                                   build/stm32f0xx_hal.o
HAL_UARTEx_ReceiveToIdle                          build/stm32f0xx_hal_uart_ex.o
HAL_UARTEx_ReceiveToIdle_DMA                      build/stm32f0xx_hal_uart_ex.o
HAL_UARTEx_ReceiveToIdle_IT                       build/stm32f0xx_hal_uart_ex.o
HAL_UARTEx_RxEventCallback                        build/stm32f0xx_hal_uart.o
HAL_UART_Abort                                    build/stm32f0xx_hal_uart.o
HAL_UART_AbortCpltCallback                        build/stm32f0xx_hal_uart.o
HAL_UART_AbortReceive                             build/stm32f0xx_hal_uart.o
HAL_UART_AbortReceiveCpltCallback                 build/stm32f0xx_hal_uart.o
HAL_UART_AbortReceive_IT                          build/stm32f0xx_hal_uart.o
HAL_UART_AbortTransmit                            build/stm32f0xx_hal_uart.o
HAL_UART_AbortTransmitCpltCallback                build/stm32f0xx_hal_uart.o
HAL_UART_AbortTransmit_IT                         build/stm32f0xx_hal_uart.o
HAL_UART_Abort_IT                                 build/stm32f0xx_hal_uart.o
HAL_UART_DMAPause                                 build/stm32f0xx_hal_uart.o
HAL_UART_DMAResume                                build/stm32f0xx_hal_uart.o
HAL_UART_DMAStop                                  build/stm32f0xx_hal_uart.o
HAL_UART_DeInit                                   build/stm32f0xx_hal_uart.o
HAL_UART_DisableReceiverTimeout                   build/stm32f0xx_hal_uart.o
HAL_UART_EnableReceiverTimeout                    build/stm32f0xx_hal_uart.o
HAL_UART_ErrorCallback                            build/stm32f0xx_hal_uart.o
HAL_UART_GetError                                 build/stm32f0xx_hal_uart.o
HAL_UART_GetState                                 build/stm32f0xx_hal_uart.o
HAL_UART_IRQHandler                               build/stm32f0xx_hal_uart.o
                                                  build/stm32f0xx_it.o
HAL_UART_Init                                     build/stm32f0xx_hal_uart.o
                                                  build/usart.o
HAL_UART_MspDeInit                                build/usart.o
                                                  build/stm32f0xx_hal_uart.o
HAL_UART_MspInit                                  build/usart.o
                                                  build/stm32f0xx_hal_uart.o
                                                  build/stm32f0xx_hal_uart_ex.o
HAL_UART_Receive                                  build/stm32f0xx_hal_uart.o
HAL_UART_Receive_DMA                              build/stm32f0xx_hal_uart.o
HAL_UART_Receive_IT                               build/stm32f0xx_hal_uart.o
HAL_UART_ReceiverTimeout_Config                   build/stm32f0xx_hal_uart.o
HAL_UART_RxCpltCallback                           build/stm32f0xx_hal_uart.o
HAL_UART_RxHalfCpltCallback                       build/stm32f0xx_hal_uart.o
HAL_UART_Transmit                                 build/stm32f0xx_hal_uart.o
HAL_UART_Transmit_DMA                             build/stm32f0xx_hal_uart.o
                                                  build/Uart_Driver.o
HAL_UART_Transmit_IT                              build/stm32f0xx_hal_uart.o
HAL_UART_TxCpltCallback                           build/stm32f0xx_hal_uart.o
HAL_UART_TxHalfCpltCallback                       build/stm32f0xx_hal_uart.o
HMC5983_Init                                      build/HMC5983.o
                                                  build/main.o
HardFault_Handler                                 build/stm32f0xx_it.o
I2C1_IRQHandler                                   build/startup_stm32f030x6.o
ICM20_GetAccel                                    build/ICM20602.o
ICM20_GetAccelADC                                 build/ICM20602.o
                                                  build/main.o
ICM20_GetGyro                                     build/ICM20602.o
ICM20_GetGyroADC                                  build/ICM20602.o
                                                  build/main.o
ICM20_GetTemperatue                               build/ICM20602.o
                                                  build/main.o
ICM20_Init                                        build/ICM20602.o